Component: ARM Compiler 5.06 update 7 (build 960) Tool: armlink [4d3601]

==============================================================================

Section Cross References

    main.o(i.Incremental_PI) refers to fflti.o(.text) for __aeabi_i2f
    main.o(i.Incremental_PI) refers to fmul.o(.text) for __aeabi_fmul
    main.o(i.Incremental_PI) refers to fadd.o(.text) for __aeabi_fadd
    main.o(i.Incremental_PI) refers to ffixi.o(.text) for __aeabi_f2iz
    main.o(i.Incremental_PI) refers to main.o(.data) for Bias
    main.o(i.encoder_exti) refers to main.o(.data) for encoder_cnt
    main.o(i.encoder_init) refers to exti.o(i.EXTI_QuickInit) for EXTI_QuickInit
    main.o(i.encoder_init) refers to exti.o(i.EXTI_CallbackInstall) for EXTI_CallbackInstall
    main.o(i.encoder_init) refers to gpio.o(i.GPIO_QuickInit) for GPIO_QuickInit
    main.o(i.encoder_init) refers to main.o(i.encoder_exti) for encoder_exti
    main.o(i.getNum) refers to ffltui.o(.text) for __aeabi_ui2f
    main.o(i.getNum) refers to fmul.o(.text) for __aeabi_fmul
    main.o(i.getNum) refers to fadd.o(.text) for __aeabi_fadd
    main.o(i.getNum) refers to fdiv.o(.text) for __aeabi_fdiv
    main.o(i.getPID) refers to main.o(i.getNum) for getNum
    main.o(i.getPID) refers to printfa.o(i.__0printf) for __2printf
    main.o(i.getPID) refers to ffixi.o(.text) for __aeabi_f2iz
    main.o(i.getPID) refers to f2d.o(.text) for __aeabi_f2d
    main.o(i.getPID) refers to iic_ssd1306.o(i.OLED_P8x16Str) for OLED_P8x16Str
    main.o(i.getPID) refers to fflti.o(.text) for __aeabi_i2f
    main.o(i.getPID) refers to iic_ssd1306.o(i.OLED_P8x16Num) for OLED_P8x16Num
    main.o(i.getPID) refers to main.o(.data) for flag_rev_num
    main.o(i.getPraVue) refers to main.o(i.getPID) for getPID
    main.o(i.getPraVue) refers to main.o(.data) for rxbuf
    main.o(i.get_encoder_val) refers to main.o(.data) for encoder_cnt
    main.o(i.key_deal) refers to systick.o(i.SYSTICK_DelayMs) for SYSTICK_DelayMs
    main.o(i.key_deal) refers to iic_ssd1306.o(i.OLED_P8x16Str) for OLED_P8x16Str
    main.o(i.key_deal) refers to main.o(.data) for target_v
    main.o(i.key_init) refers to gpio.o(i.GPIO_QuickInit) for GPIO_QuickInit
    main.o(i.main) refers to nvic.o(i.NVIC_init) for NVIC_init
    main.o(i.main) refers to systick.o(i.SYSTICK_DelayInit) for SYSTICK_DelayInit
    main.o(i.main) refers to gpio.o(i.GPIO_QuickInit) for GPIO_QuickInit
    main.o(i.main) refers to uart.o(i.UART_QuickInit) for UART_QuickInit
    main.o(i.main) refers to uart.o(i.UART_CallbackInstall) for UART_CallbackInstall
    main.o(i.main) refers to motor.o(i.motor_init) for motor_init
    main.o(i.main) refers to main.o(i.encoder_init) for encoder_init
    main.o(i.main) refers to main.o(i.key_init) for key_init
    main.o(i.main) refers to i2c.o(i.IIC_Init) for IIC_Init
    main.o(i.main) refers to iic_ssd1306.o(i.OLED_Init) for OLED_Init
    main.o(i.main) refers to iic_ssd1306.o(i.OLED_CLS) for OLED_CLS
    main.o(i.main) refers to iic_ssd1306.o(i.OLED_P8x16Str) for OLED_P8x16Str
    main.o(i.main) refers to fflti.o(.text) for __aeabi_i2f
    main.o(i.main) refers to iic_ssd1306.o(i.OLED_P8x16Num) for OLED_P8x16Num
    main.o(i.main) refers to timer.o(i.TIM_ms_Init) for TIM_ms_Init
    main.o(i.main) refers to timer.o(i.TIMER_CallbackInstall) for TIMER_CallbackInstall
    main.o(i.main) refers to main.o(i.uart1) for uart1
    main.o(i.main) refers to main.o(.data) for target_v
    main.o(i.main) refers to main.o(i.timer3) for timer3
    main.o(i.timer3) refers to stm32f10x_tim.o(i.TIM_GetITStatus) for TIM_GetITStatus
    main.o(i.timer3) refers to main.o(i.get_encoder_val) for get_encoder_val
    main.o(i.timer3) refers to main.o(i.Incremental_PI) for Incremental_PI
    main.o(i.timer3) refers to motor.o(i.set_motor_pwm) for set_motor_pwm
    main.o(i.timer3) refers to printfa.o(i.__0printf) for __2printf
    main.o(i.timer3) refers to main.o(i.key_deal) for key_deal
    main.o(i.timer3) refers to stm32f10x_tim.o(i.TIM_ClearITPendingBit) for TIM_ClearITPendingBit
    main.o(i.timer3) refers to main.o(.data) for encoder_v
    main.o(i.uart1) refers to main.o(i.getPraVue) for getPraVue
    main.o(i.uart1) refers to main.o(.data) for flag_rev
    stm32f10x_adc.o(i.ADC_DeInit) refers to stm32f10x_rcc.o(i.RCC_APB2PeriphResetCmd) for RCC_APB2PeriphResetCmd
    stm32f10x_bkp.o(i.BKP_DeInit) refers to stm32f10x_rcc.o(i.RCC_BackupResetCmd) for RCC_BackupResetCmd
    stm32f10x_can.o(i.CAN_DeInit) refers to stm32f10x_rcc.o(i.RCC_APB1PeriphResetCmd) for RCC_APB1PeriphResetCmd
    stm32f10x_can.o(i.CAN_GetITStatus) refers to stm32f10x_can.o(i.CheckITStatus) for CheckITStatus
    stm32f10x_cec.o(i.CEC_DeInit) refers to stm32f10x_rcc.o(i.RCC_APB1PeriphResetCmd) for RCC_APB1PeriphResetCmd
    stm32f10x_dac.o(i.DAC_DeInit) refers to stm32f10x_rcc.o(i.RCC_APB1PeriphResetCmd) for RCC_APB1PeriphResetCmd
[...]
    Removing stm32f10x_spi.o(i.SPI_NSSInternalSoftwareConfig), (30 bytes).
    Removing stm32f10x_spi.o(i.SPI_SSOutputCmd), (24 bytes).
    Removing stm32f10x_spi.o(i.SPI_StructInit), (24 bytes).
    Removing stm32f10x_spi.o(i.SPI_TransmitCRC), (10 bytes).
    Removing stm32f10x_tim.o(.rev16_text), (4 bytes).
    Removing stm32f10x_tim.o(.revsh_text), (4 bytes).
    Removing stm32f10x_tim.o(.rrx_text), (6 bytes).
    Removing stm32f10x_tim.o(i.TI1_Config), (128 bytes).
    Removing stm32f10x_tim.o(i.TI2_Config), (152 bytes).
    Removing stm32f10x_tim.o(i.TI3_Config), (144 bytes).
    Removing stm32f10x_tim.o(i.TI4_Config), (152 bytes).
    Removing stm32f10x_tim.o(i.TIM_ARRPreloadConfig), (24 bytes).
    Removing stm32f10x_tim.o(i.TIM_BDTRConfig), (32 bytes).
    Removing stm32f10x_tim.o(i.TIM_BDTRStructInit), (18 bytes).
    Removing stm32f10x_tim.o(i.TIM_CCPreloadControl), (24 bytes).
    Removing stm32f10x_tim.o(i.TIM_CCxCmd), (30 bytes).
    Removing stm32f10x_tim.o(i.TIM_CCxNCmd), (30 bytes).
    Removing stm32f10x_tim.o(i.TIM_ClearFlag), (6 bytes).
    Removing stm32f10x_tim.o(i.TIM_ClearOC1Ref), (18 bytes).
    Removing stm32f10x_tim.o(i.TIM_ClearOC2Ref), (24 bytes).
    Removing stm32f10x_tim.o(i.TIM_ClearOC3Ref), (18 bytes).
    Removing stm32f10x_tim.o(i.TIM_ClearOC4Ref), (24 bytes).
    Removing stm32f10x_tim.o(i.TIM_CounterModeConfig), (18 bytes).
    Removing stm32f10x_tim.o(i.TIM_CtrlPWMOutputs), (30 bytes).
    Removing stm32f10x_tim.o(i.TIM_DMACmd), (18 bytes).
    Removing stm32f10x_tim.o(i.TIM_DMAConfig), (10 bytes).
    Removing stm32f10x_tim.o(i.TIM_DeInit), (488 bytes).
    Removing stm32f10x_tim.o(i.TIM_ETRClockMode1Config), (54 bytes).
    Removing stm32f10x_tim.o(i.TIM_ETRClockMode2Config), (32 bytes).
    Removing stm32f10x_tim.o(i.TIM_ETRConfig), (28 bytes).
    Removing stm32f10x_tim.o(i.TIM_EncoderInterfaceConfig), (66 bytes).
    Removing stm32f10x_tim.o(i.TIM_ForcedOC1Config), (18 bytes).
    Removing stm32f10x_tim.o(i.TIM_ForcedOC2Config), (26 bytes).
    Removing stm32f10x_tim.o(i.TIM_ForcedOC3Config), (18 bytes).
    Removing stm32f10x_tim.o(i.TIM_ForcedOC4Config), (26 bytes).
    Removing stm32f10x_tim.o(i.TIM_GenerateEvent), (4 bytes).
    Removing stm32f10x_tim.o(i.TIM_GetCapture1), (6 bytes).
    Removing stm32f10x_tim.o(i.TIM_GetCapture2), (6 bytes).
    Removing stm32f10x_tim.o(i.TIM_GetCapture3), (6 bytes).
    Removing stm32f10x_tim.o(i.TIM_GetCapture4), (8 bytes).
    Removing stm32f10x_tim.o(i.TIM_GetCounter), (6 bytes).
    Removing stm32f10x_tim.o(i.TIM_GetFlagStatus), (18 bytes).
    Removing stm32f10x_tim.o(i.TIM_GetPrescaler), (6 bytes).
    Removing stm32f10x_tim.o(i.TIM_ICInit), (172 bytes).
    Removing stm32f10x_tim.o(i.TIM_ICStructInit), (18 bytes).
    Removing stm32f10x_tim.o(i.TIM_ITRxExternalClockConfig), (24 bytes).
    Removing stm32f10x_tim.o(i.TIM_InternalClockConfig), (12 bytes).
    Removing stm32f10x_tim.o(i.TIM_OC1FastConfig), (18 bytes).
    Removing stm32f10x_tim.o(i.TIM_OC1NPolarityConfig), (18 bytes).
    Removing stm32f10x_tim.o(i.TIM_OC1PolarityConfig), (18 bytes).
    Removing stm32f10x_tim.o(i.TIM_OC2FastConfig), (26 bytes).
    Removing stm32f10x_tim.o(i.TIM_OC2NPolarityConfig), (26 bytes).
    Removing stm32f10x_tim.o(i.TIM_OC2PolarityConfig), (26 bytes).
    Removing stm32f10x_tim.o(i.TIM_OC3FastConfig), (18 bytes).
    Removing stm32f10x_tim.o(i.TIM_OC3NPolarityConfig), (26 bytes).
    Removing stm32f10x_tim.o(i.TIM_OC3PolarityConfig), (26 bytes).
    Removing stm32f10x_tim.o(i.TIM_OC4FastConfig), (26 bytes).
    Removing stm32f10x_tim.o(i.TIM_OC4PolarityConfig), (26 bytes).
    Removing stm32f10x_tim.o(i.TIM_OCStructInit), (20 bytes).
    Removing stm32f10x_tim.o(i.TIM_PWMIConfig), (124 bytes).
    Removing stm32f10x_tim.o(i.TIM_PrescalerConfig), (6 bytes).
    Removing stm32f10x_tim.o(i.TIM_SelectCCDMA), (24 bytes).
    Removing stm32f10x_tim.o(i.TIM_SelectCOM), (24 bytes).
    Removing stm32f10x_tim.o(i.TIM_SelectHallSensor), (24 bytes).
    Removing stm32f10x_tim.o(i.TIM_SelectInputTrigger), (18 bytes).
    Removing stm32f10x_tim.o(i.TIM_SelectMasterSlaveMode), (18 bytes).
    Removing stm32f10x_tim.o(i.TIM_SelectOCxM), (82 bytes).
    Removing stm32f10x_tim.o(i.TIM_SelectOnePulseMode), (18 bytes).
    Removing stm32f10x_tim.o(i.TIM_SelectOutputTrigger), (18 bytes).
    Removing stm32f10x_tim.o(i.TIM_SelectSlaveMode), (18 bytes).
    Removing stm32f10x_tim.o(i.TIM_SetAutoreload), (4 bytes).
    Removing stm32f10x_tim.o(i.TIM_SetClockDivision), (18 bytes).
    Removing stm32f10x_tim.o(i.TIM_SetCounter), (4 bytes).
    Removing stm32f10x_tim.o(i.TIM_SetIC1Prescaler), (18 bytes).
    Removing stm32f10x_tim.o(i.TIM_SetIC2Prescaler), (26 bytes).
    Removing stm32f10x_tim.o(i.TIM_SetIC3Prescaler), (18 bytes).
    Removing stm32f10x_tim.o(i.TIM_SetIC4Prescaler), (26 bytes).
    Removing stm32f10x_tim.o(i.TIM_TIxExternalClockConfig), (62 bytes).
    Removing stm32f10x_tim.o(i.TIM_TimeBaseStructInit), (18 bytes).
    Removing stm32f10x_tim.o(i.TIM_UpdateDisableConfig), (24 bytes).
    Removing stm32f10x_tim.o(i.TIM_UpdateRequestConfig), (24 bytes).
    Removing stm32f10x_usart.o(.rev16_text), (4 bytes).
    Removing stm32f10x_usart.o(.revsh_text), (4 bytes).
    Removing stm32f10x_usart.o(.rrx_text), (6 bytes).
    Removing stm32f10x_usart.o(i.USART_ClearFlag), (18 bytes).
    Removing stm32f10x_usart.o(i.USART_ClearITPendingBit), (30 bytes).
    Removing stm32f10x_usart.o(i.USART_ClockInit), (34 bytes).
    Removing stm32f10x_usart.o(i.USART_ClockStructInit), (12 bytes).
    Removing stm32f10x_usart.o(i.USART_DMACmd), (18 bytes).
    Removing stm32f10x_usart.o(i.USART_HalfDuplexCmd), (24 bytes).
    Removing stm32f10x_usart.o(i.USART_IrDACmd), (24 bytes).
    Removing stm32f10x_usart.o(i.USART_IrDAConfig), (18 bytes).
    Removing stm32f10x_usart.o(i.USART_LINBreakDetectLengthConfig), (18 bytes).
    Removing stm32f10x_usart.o(i.USART_LINCmd), (24 bytes).
    Removing stm32f10x_usart.o(i.USART_OneBitMethodCmd), (24 bytes).
    Removing stm32f10x_usart.o(i.USART_OverSampling8Cmd), (22 bytes).
    Removing stm32f10x_usart.o(i.USART_ReceiveData), (10 bytes).
    Removing stm32f10x_usart.o(i.USART_ReceiverWakeUpCmd), (24 bytes).
    Removing stm32f10x_usart.o(i.USART_SendBreak), (10 bytes).
    Removing stm32f10x_usart.o(i.USART_SetAddress), (18 bytes).
    Removing stm32f10x_usart.o(i.USART_SetGuardTime), (16 bytes).
    Removing stm32f10x_usart.o(i.USART_SetPrescaler), (16 bytes).
    Removing stm32f10x_usart.o(i.USART_SmartCardCmd), (24 bytes).
    Removing stm32f10x_usart.o(i.USART_SmartCardNACKCmd), (24 bytes).
    Removing stm32f10x_usart.o(i.USART_StructInit), (24 bytes).
    Removing stm32f10x_usart.o(i.USART_WakeUpConfig), (18 bytes).
    Removing stm32f10x_wwdg.o(.rev16_text), (4 bytes).
    Removing stm32f10x_wwdg.o(.revsh_text), (4 bytes).
    Removing stm32f10x_wwdg.o(.rrx_text), (6 bytes).
    Removing stm32f10x_wwdg.o(i.WWDG_ClearFlag), (12 bytes).
    Removing stm32f10x_wwdg.o(i.WWDG_DeInit), (22 bytes).
    Removing stm32f10x_wwdg.o(i.WWDG_Enable), (16 bytes).
    Removing stm32f10x_wwdg.o(i.WWDG_EnableIT), (12 bytes).
    Removing stm32f10x_wwdg.o(i.WWDG_GetFlagStatus), (12 bytes).
    Removing stm32f10x_wwdg.o(i.WWDG_SetCounter), (16 bytes).
    Removing stm32f10x_wwdg.o(i.WWDG_SetPrescaler), (24 bytes).
    Removing stm32f10x_wwdg.o(i.WWDG_SetWindowValue), (40 bytes).
    Removing gpio.o(.rev16_text), (4 bytes).
    Removing gpio.o(.revsh_text), (4 bytes).
    Removing gpio.o(.rrx_text), (6 bytes).
    Removing gpio.o(i.GPIO_ReadBit), (116 bytes).
    Removing gpio.o(i.GPIO_Writebit), (120 bytes).
    Removing systick.o(.rev16_text), (4 bytes).
    Removing systick.o(.revsh_text), (4 bytes).
    Removing systick.o(.rrx_text), (6 bytes).
    Removing systick.o(i.SYSTICK_GetVal), (8 bytes).
    Removing systick.o(i.SYSTICK_Init), (96 bytes).
    Removing uart.o(.rev16_text), (4 bytes).
    Removing uart.o(.revsh_text), (4 bytes).
    Removing uart.o(.rrx_text), (6 bytes).
    Removing uart.o(i.GetKey), (32 bytes).
    Removing uart.o(i.UART_WriteByte), (60 bytes).
    Removing nvic.o(.rev16_text), (4 bytes).
    Removing nvic.o(.revsh_text), (4 bytes).
    Removing nvic.o(.rrx_text), (6 bytes).
    Removing timer.o(.rev16_text), (4 bytes).
    Removing timer.o(.revsh_text), (4 bytes).
    Removing timer.o(.rrx_text), (6 bytes).
    Removing timer.o(i.GPIO_Cap_Init), (468 bytes).
    Removing timer.o(i.TIM_Cap_Init), (174 bytes).
    Removing timer.o(i.TIM_Ctim_Init), (152 bytes).
    Removing timer.o(i.TIM_ITconfig), (92 bytes).
    Removing timer.o(i.TIM_cmd), (16 bytes).
    Removing timer.o(i.TIM_us_Init), (224 bytes).
    Removing timer2_runner.o(.rev16_text), (4 bytes).
    Removing timer2_runner.o(.revsh_text), (4 bytes).
    Removing timer2_runner.o(.rrx_text), (6 bytes).
    Removing timer2_runner.o(i.TIMER2_100ms_CallbackInstall), (56 bytes).
    Removing timer2_runner.o(i.TIMER2_10ms_CallbackInstall), (56 bytes).
    Removing timer2_runner.o(i.TIMER2_500ms_CallbackInstall), (56 bytes).
    Removing timer2_runner.o(i.TIMER2_5ms_CallbackInstall), (56 bytes).
    Removing timer2_runner.o(i.time2_100ms_runner_deal), (104 bytes).
    Removing timer2_runner.o(i.time2_10ms_runner_deal), (104 bytes).
    Removing timer2_runner.o(i.time2_500ms_runner_deal), (68 bytes).
    Removing timer2_runner.o(i.time2_5ms_runner_deal), (104 bytes).
    Removing timer2_runner.o(i.timer2_runner), (40 bytes).
    Removing timer2_runner.o(i.timer2_runner_deal), (20 bytes).
    Removing timer2_runner.o(i.timer2_runner_init), (76 bytes).
    Removing timer2_runner.o(.bss), (160 bytes).
    Removing timer2_runner.o(.data), (8 bytes).
    Removing exti.o(.rev16_text), (4 bytes).
    Removing exti.o(.revsh_text), (4 bytes).
    Removing exti.o(.rrx_text), (6 bytes).
    Removing exti.o(i.EXTI_IRQcmd), (118 bytes).
    Removing motor.o(.rev16_text), (4 bytes).
    Removing motor.o(.revsh_text), (4 bytes).
    Removing motor.o(.rrx_text), (6 bytes).
    Removing iic_ssd1306.o(.rev16_text), (4 bytes).
    Removing iic_ssd1306.o(.revsh_text), (4 bytes).
    Removing iic_ssd1306.o(.rrx_text), (6 bytes).
    Removing iic_ssd1306.o(i.Draw_BMP), (116 bytes).
    Removing iic_ssd1306.o(i.OLED_OFF), (22 bytes).
    Removing iic_ssd1306.o(i.OLED_ON), (22 bytes).
    Removing iic_ssd1306.o(i.OLED_P16x16Ch), (84 bytes).
    Removing iic_ssd1306.o(i.OLED_P6x8Str), (100 bytes).
    Removing iic_ssd1306.o(i.OLED_P6x8Str_Num), (412 bytes).
    Removing iic_ssd1306.o(.data), (1216 bytes).
    Removing i2c.o(.rev16_text), (4 bytes).
    Removing i2c.o(.revsh_text), (4 bytes).
    Removing i2c.o(.rrx_text), (6 bytes).
    Removing i2c.o(i.IIC_Ack), (80 bytes).
    Removing i2c.o(i.IIC_NAck), (80 bytes).
    Removing i2c.o(i.IIC_Read_Byte), (112 bytes).
    Removing startup_stm32f10x_md.o(HEAP), (512 bytes).
    Removing system_stm32f10x.o(.rev16_text), (4 bytes).
    Removing system_stm32f10x.o(.revsh_text), (4 bytes).
    Removing system_stm32f10x.o(.rrx_text), (6 bytes).
    Removing system_stm32f10x.o(i.SystemCoreClockUpdate), (164 bytes).

577 unused section(s) (total 22572 bytes) removed from the image.

==============================================================================

Image Symbol Table

    Local Symbols

    Symbol Name                              Value     Ov Type        Size  Object(Section)

    ../clib/microlib/division.c              0x00000000   Number         0  uldiv.o ABSOLUTE
    ../clib/microlib/division.c              0x00000000   Number         0  uidiv.o ABSOLUTE
    ../clib/microlib/init/entry.s            0x00000000   Number         0  entry.o ABSOLUTE
    ../clib/microlib/init/entry.s            0x00000000   Number         0  entry5.o ABSOLUTE
    ../clib/microlib/init/entry.s            0x00000000   Number         0  entry2.o ABSOLUTE
    ../clib/microlib/init/entry.s            0x00000000   Number         0  entry9b.o ABSOLUTE
    ../clib/microlib/init/entry.s            0x00000000   Number         0  entry10a.o ABSOLUTE
    ../clib/microlib/init/entry.s            0x00000000   Number         0  entry10b.o ABSOLUTE
    ../clib/microlib/init/entry.s            0x00000000   Number         0  entry9a.o ABSOLUTE
    ../clib/microlib/init/entry.s            0x00000000   Number         0  entry12a.o ABSOLUTE
    ../clib/microlib/init/entry.s            0x00000000   Number         0  entry12b.o ABSOLUTE
    ../clib/microlib/init/entry.s            0x00000000   Number         0  entry8b.o ABSOLUTE
    ../clib/microlib/init/entry.s            0x00000000   Number         0  entry11a.o ABSOLUTE
    ../clib/microlib/init/entry.s            0x00000000   Number         0  entry8a.o ABSOLUTE
    ../clib/microlib/init/entry.s            0x00000000   Number         0  entry7b.o ABSOLUTE
    ../clib/microlib/init/entry.s            0x00000000   Number         0  entry11b.o ABSOLUTE
    ../clib/microlib/init/entry.s            0x00000000   Number         0  entry7a.o ABSOLUTE
    ../clib/microlib/longlong.c              0x00000000   Number         0  llshl.o ABSOLUTE
    ../clib/microlib/longlong.c              0x00000000   Number         0  llushr.o ABSOLUTE
    ../clib/microlib/longlong.c              0x00000000   Number         0  llsshr.o ABSOLUTE
    ../clib/microlib/printf/printf.c         0x00000000   Number         0  printf4.o ABSOLUTE
    ../clib/microlib/printf/printf.c         0x00000000   Number         0  printf1.o ABSOLUTE
    ../clib/microlib/printf/printf.c         0x00000000   Number         0  printf2.o ABSOLUTE
    ../clib/microlib/printf/printf.c         0x00000000   Number         0  printf3.o ABSOLUTE
    ../clib/microlib/printf/printf.c         0x00000000   Number         0  printf5.o ABSOLUTE
    ../clib/microlib/printf/printf.c         0x00000000   Number         0  printf6.o ABSOLUTE
    ../clib/microlib/printf/printf.c         0x00000000   Number         0  printf7.o ABSOLUTE
    ../clib/microlib/printf/printf.c         0x00000000   Number         0  printf8.o ABSOLUTE
    ../clib/microlib/printf/printf.c         0x00000000   Number         0  printfa.o ABSOLUTE
    ../clib/microlib/printf/printf.c         0x00000000   Number         0  printfb.o ABSOLUTE
    ../clib/microlib/printf/printf.c         0x00000000   Number         0  printf0.o ABSOLUTE
    ../clib/microlib/printf/stubs.s          0x00000000   Number         0  stubs.o ABSOLUTE
    ../clib/microlib/stdio/streams.c         0x00000000   Number         0  stdout.o ABSOLUTE
    ../clib/microlib/stubs.s                 0x00000000   Number         0  iusefp.o ABSOLUTE
    ../fplib/microlib/f2d.c                  0x00000000   Number         0  f2d.o ABSOLUTE
    ../fplib/microlib/fpadd.c                0x00000000   Number         0  fadd.o ABSOLUTE
    ../fplib/microlib/fpadd.c                0x00000000   Number         0  dadd.o ABSOLUTE
    ../fplib/microlib/fpdiv.c                0x00000000   Number         0  fdiv.o ABSOLUTE
    ../fplib/microlib/fpdiv.c                0x00000000   Number         0  ddiv.o ABSOLUTE
    ../fplib/microlib/fpepilogue.c           0x00000000   Number         0  fepilogue.o ABSOLUTE
    ../fplib/microlib/fpepilogue.c           0x00000000   Number         0  depilogue.o ABSOLUTE
    ../fplib/microlib/fpfix.c                0x00000000   Number         0  dfixul.o ABSOLUTE
    ../fplib/microlib/fpfix.c                0x00000000   Number         0  dfixi.o ABSOLUTE
    ../fplib/microlib/fpfix.c                0x00000000   Number         0  ffixui.o ABSOLUTE
    ../fplib/microlib/fpfix.c                0x00000000   Number         0  ffixi.o ABSOLUTE
    ../fplib/microlib/fpflt.c                0x00000000   Number         0  fflti.o ABSOLUTE
    ../fplib/microlib/fpflt.c                0x00000000   Number         0  ffltui.o ABSOLUTE
    ../fplib/microlib/fpmul.c                0x00000000   Number         0  fmul.o ABSOLUTE
    ../fplib/microlib/fpmul.c                0x00000000   Number         0  dmul.o ABSOLUTE
    ..\..\STM32F10x_StdPeriph_Lib_V3.5.0\Libraries\STM32F10x_StdPeriph_Driver\src\misc.c 0x00000000   Number         0  misc.o ABSOLUTE
    ..\..\STM32F10x_StdPeriph_Lib_V3.5.0\Libraries\STM32F10x_StdPeriph_Driver\src\stm32f10x_adc.c 0x00000000   Number         0  stm32f10x_adc.o ABSOLUTE
    ..\..\STM32F10x_StdPeriph_Lib_V3.5.0\Libraries\STM32F10x_StdPeriph_Driver\src\stm32f10x_bkp.c 0x00000000   Number         0  stm32f10x_bkp.o ABSOLUTE
    ..\..\STM32F10x_StdPeriph_Lib_V3.5.0\Libraries\STM32F10x_StdPeriph_Driver\src\stm32f10x_can.c 0x00000000   Number         0  stm32f10x_can.o ABSOLUTE
    ..\..\STM32F10x_StdPeriph_Lib_V3.5.0\Libraries\STM32F10x_StdPeriph_Driver\src\stm32f10x_cec.c 0x00000000   Number         0  stm32f10x_cec.o ABSOLUTE
    ..\..\STM32F10x_StdPeriph_Lib_V3.5.0\Libraries\STM32F10x_StdPeriph_Driver\src\stm32f10x_crc.c 0x00000000   Number         0  stm32f10x_crc.o ABSOLUTE
    ..\..\STM32F10x_StdPeriph_Lib_V3.5.0\Libraries\STM32F10x_StdPeriph_Driver\src\stm32f10x_dac.c 0x00000000   Number         0  stm32f10x_dac.o ABSOLUTE
    ..\..\STM32F10x_StdPeriph_Lib_V3.5.0\Libraries\STM32F10x_StdPeriph_Driver\src\stm32f10x_dbgmcu.c 0x00000000   Number         0  stm32f10x_dbgmcu.o ABSOLUTE
    ..\..\STM32F10x_StdPeriph_Lib_V3.5.0\Libraries\STM32F10x_StdPeriph_Driver\src\stm32f10x_dma.c 0x00000000   Number         0  stm32f10x_dma.o ABSOLUTE
    ..\..\STM32F10x_StdPeriph_Lib_V3.5.0\Libraries\STM32F10x_StdPeriph_Driver\src\stm32f10x_exti.c 0x00000000   Number         0  stm32f10x_exti.o ABSOLUTE
    ..\..\STM32F10x_StdPeriph_Lib_V3.5.0\Libraries\STM32F10x_StdPeriph_Driver\src\stm32f10x_flash.c 0x00000000   Number         0  stm32f10x_flash.o ABSOLUTE
    ..\..\STM32F10x_StdPeriph_Lib_V3.5.0\Libraries\STM32F10x_StdPeriph_Driver\src\stm32f10x_fsmc.c 0x00000000   Number         0  stm32f10x_fsmc.o ABSOLUTE
    ..\..\STM32F10x_StdPeriph_Lib_V3.5.0\Libraries\STM32F10x_StdPeriph_Driver\src\stm32f10x_gpio.c 0x00000000   Number         0  stm32f10x_gpio.o ABSOLUTE
    ..\..\STM32F10x_StdPeriph_Lib_V3.5.0\Libraries\STM32F10x_StdPeriph_Driver\src\stm32f10x_i2c.c 0x00000000   Number         0  stm32f10x_i2c.o ABSOLUTE
    ..\..\STM32F10x_StdPeriph_Lib_V3.5.0\Libraries\STM32F10x_StdPeriph_Driver\src\stm32f10x_iwdg.c 0x00000000   Number         0  stm32f10x_iwdg.o ABSOLUTE
    ..\..\STM32F10x_StdPeriph_Lib_V3.5.0\Libraries\STM32F10x_StdPeriph_Driver\src\stm32f10x_pwr.c 0x00000000   Number         0  stm32f10x_pwr.o ABSOLUTE
    ..\..\STM32F10x_StdPeriph_Lib_V3.5.0\Libraries\STM32F10x_StdPeriph_Driver\src\stm32f10x_rcc.c 0x00000000   Number         0  stm32f10x_rcc.o ABSOLUTE
    ..\..\STM32F10x_StdPeriph_Lib_V3.5.0\Libraries\STM32F10x_StdPeriph_Driver\src\stm32f10x_rtc.c 0x00000000   Number         0  stm32f10x_rtc.o ABSOLUTE
    ..\..\STM32F10x_StdPeriph_Lib_V3.5.0\Libraries\STM32F10x_StdPeriph_Driver\src\stm32f10x_sdio.c 0x00000000   Number         0  stm32f10x_sdio.o ABSOLUTE
    ..\..\STM32F10x_StdPeriph_Lib_V3.5.0\Libraries\STM32F10x_StdPeriph_Driver\src\stm32f10x_spi.c 0x00000000   Number         0  stm32f10x_spi.o ABSOLUTE
    ..\..\STM32F10x_StdPeriph_Lib_V3.5.0\Libraries\STM32F10x_StdPeriph_Driver\src\stm32f10x_tim.c 0x00000000   Number         0  stm32f10x_tim.o ABSOLUTE
    ..\..\STM32F10x_StdPeriph_Lib_V3.5.0\Libraries\STM32F10x_StdPeriph_Driver\src\stm32f10x_usart.c 0x00000000   Number         0  stm32f10x_usart.o ABSOLUTE
    ..\..\STM32F10x_StdPeriph_Lib_V3.5.0\Libraries\STM32F10x_StdPeriph_Driver\src\stm32f10x_wwdg.c 0x00000000   Number         0  stm32f10x_wwdg.o ABSOLUTE
    ..\..\wenchao_lib\drive\exti.c           0x00000000   Number         0  exti.o ABSOLUTE
    ..\..\wenchao_lib\drive\gpio.c           0x00000000   Number         0  gpio.o ABSOLUTE
    ..\..\wenchao_lib\drive\i2c.c            0x00000000   Number         0  i2c.o ABSOLUTE
    ..\..\wenchao_lib\drive\iic_ssd1306.c    0x00000000   Number         0  iic_ssd1306.o ABSOLUTE
    ..\..\wenchao_lib\drive\motor.c          0x00000000   Number         0  motor.o ABSOLUTE
    ..\..\wenchao_lib\drive\nvic.c           0x00000000   Number         0  nvic.o ABSOLUTE
    ..\..\wenchao_lib\drive\systick.c        0x00000000   Number         0  systick.o ABSOLUTE
    ..\..\wenchao_lib\drive\timer.c          0x00000000   Number         0  timer.o ABSOLUTE
    ..\..\wenchao_lib\drive\timer2_runner.c  0x00000000   Number         0  timer2_runner.o ABSOLUTE
    ..\..\wenchao_lib\drive\uart.c           0x00000000   Number         0  uart.o ABSOLUTE
    ..\\..\\STM32F10x_StdPeriph_Lib_V3.5.0\\Libraries\\STM32F10x_StdPeriph_Driver\\src\\misc.c 0x00000000   Number         0  misc.o ABSOLUTE
    ..\\..\\STM32F10x_StdPeriph_Lib_V3.5.0\\Libraries\\STM32F10x_StdPeriph_Driver\\src\\stm32f10x_adc.c 0x00000000   Number         0  stm32f10x_adc.o ABSOLUTE
    ..\\..\\STM32F10x_StdPeriph_Lib_V3.5.0\\Libraries\\STM32F10x_StdPeriph_Driver\\src\\stm32f10x_bkp.c 0x00000000   Number         0  stm32f10x_bkp.o ABSOLUTE
    ..\\..\\STM32F10x_StdPeriph_Lib_V3.5.0\\Libraries\\STM32F10x_StdPeriph_Driver\\src\\stm32f10x_can.c 0x00000000   Number         0  stm32f10x_can.o ABSOLUTE
    ..\\..\\STM32F10x_StdPeriph_Lib_V3.5.0\\Libraries\\STM32F10x_StdPeriph_Driver\\src\\stm32f10x_cec.c 0x00000000   Number         0  stm32f10x_cec.o ABSOLUTE
    ..\\..\\STM32F10x_StdPeriph_Lib_V3.5.0\\Libraries\\STM32F10x_StdPeriph_Driver\\src\\stm32f10x_crc.c 0x00000000   Number         0  stm32f10x_crc.o ABSOLUTE
    ..\\..\\STM32F10x_StdPeriph_Lib_V3.5.0\\Libraries\\STM32F10x_StdPeriph_Driver\\src\\stm32f10x_dac.c 0x00000000   Number         0  stm32f10x_dac.o ABSOLUTE
    ..\\..\\STM32F10x_StdPeriph_Lib_V3.5.0\\Libraries\\STM32F10x_StdPeriph_Driver\\src\\stm32f10x_dbgmcu.c 0x00000000   Number         0  stm32f10x_dbgmcu.o ABSOLUTE
    ..\\..\\STM32F10x_StdPeriph_Lib_V3.5.0\\Libraries\\STM32F10x_StdPeriph_Driver\\src\\stm32f10x_dma.c 0x00000000   Number         0  stm32f10x_dma.o ABSOLUTE
    ..\\..\\STM32F10x_StdPeriph_Lib_V3.5.0\\Libraries\\STM32F10x_StdPeriph_Driver\\src\\stm32f10x_exti.c 0x00000000   Number         0  stm32f10x_exti.o ABSOLUTE
    ..\\..\\STM32F10x_StdPeriph_Lib_V3.5.0\\Libraries\\STM32F10x_StdPeriph_Driver\\src\\stm32f10x_flash.c 0x00000000   Number         0  stm32f10x_flash.o ABSOLUTE
    ..\\..\\STM32F10x_StdPeriph_Lib_V3.5.0\\Libraries\\STM32F10x_StdPeriph_Driver\\src\\stm32f10x_fsmc.c 0x00000000   Number         0  stm32f10x_fsmc.o ABSOLUTE
    ..\\..\\STM32F10x_StdPeriph_Lib_V3.5.0\\Libraries\\STM32F10x_StdPeriph_Driver\\src\\stm32f10x_gpio.c 0x00000000   Number         0  stm32f10x_gpio.o ABSOLUTE
    ..\\..\\STM32F10x_StdPeriph_Lib_V3.5.0\\Libraries\\STM32F10x_StdPeriph_Driver\\src\\stm32f10x_i2c.c 0x00000000   Number         0  stm32f10x_i2c.o ABSOLUTE
    ..\\..\\STM32F10x_StdPeriph_Lib_V3.5.0\\Libraries\\STM32F10x_StdPeriph_Driver\\src\\stm32f10x_iwdg.c 0x00000000   Number         0  stm32f10x_iwdg.o ABSOLUTE
    ..\\..\\STM32F10x_StdPeriph_Lib_V3.5.0\\Libraries\\STM32F10x_StdPeriph_Driver\\src\\stm32f10x_pwr.c 0x00000000   Number         0  stm32f10x_pwr.o ABSOLUTE
    ..\\..\\STM32F10x_StdPeriph_Lib_V3.5.0\\Libraries\\STM32F10x_StdPeriph_Driver\\src\\stm32f10x_rcc.c 0x00000000   Number         0  stm32f10x_rcc.o ABSOLUTE
    ..\\..\\STM32F10x_StdPeriph_Lib_V3.5.0\\Libraries\\STM32F10x_StdPeriph_Driver\\src\\stm32f10x_rtc.c 0x00000000   Number         0  stm32f10x_rtc.o ABSOLUTE
    ..\\..\\STM32F10x_StdPeriph_Lib_V3.5.0\\Libraries\\STM32F10x_StdPeriph_Driver\\src\\stm32f10x_sdio.c 0x00000000   Number         0  stm32f10x_sdio.o ABSOLUTE
    ..\\..\\STM32F10x_StdPeriph_Lib_V3.5.0\\Libraries\\STM32F10x_StdPeriph_Driver\\src\\stm32f10x_spi.c 0x00000000   Number         0  stm32f10x_spi.o ABSOLUTE
    ..\\..\\STM32F10x_StdPeriph_Lib_V3.5.0\\Libraries\\STM32F10x_StdPeriph_Driver\\src\\stm32f10x_tim.c 0x00000000   Number         0  stm32f10x_tim.o ABSOLUTE
    ..\\..\\STM32F10x_StdPeriph_Lib_V3.5.0\\Libraries\\STM32F10x_StdPeriph_Driver\\src\\stm32f10x_usart.c 0x00000000   Number         0  stm32f10x_usart.o ABSOLUTE
    ..\\..\\STM32F10x_StdPeriph_Lib_V3.5.0\\Libraries\\STM32F10x_StdPeriph_Driver\\src\\stm32f10x_wwdg.c 0x00000000   Number         0  stm32f10x_wwdg.o ABSOLUTE
    ..\\..\\wenchao_lib\\drive\\exti.c       0x00000000   Number         0  exti.o ABSOLUTE
    ..\\..\\wenchao_lib\\drive\\gpio.c       0x00000000   Number         0  gpio.o ABSOLUTE
    ..\\..\\wenchao_lib\\drive\\i2c.c        0x00000000   Number         0  i2c.o ABSOLUTE
    ..\\..\\wenchao_lib\\drive\\iic_ssd1306.c 0x00000000   Number         0  iic_ssd1306.o ABSOLUTE
    ..\\..\\wenchao_lib\\drive\\motor.c      0x00000000   Number         0  motor.o ABSOLUTE
    ..\\..\\wenchao_lib\\drive\\nvic.c       0x00000000   Number         0  nvic.o ABSOLUTE
    ..\\..\\wenchao_lib\\drive\\systick.c    0x00000000   Number         0  systick.o ABSOLUTE
    ..\\..\\wenchao_lib\\drive\\timer.c      0x00000000   Number         0  timer.o ABSOLUTE
    ..\\..\\wenchao_lib\\drive\\timer2_runner.c 0x00000000   Number         0  timer2_runner.o ABSOLUTE
    ..\\..\\wenchao_lib\\drive\\uart.c       0x00000000   Number         0  uart.o ABSOLUTE
    RTE/Device/STM32F103C8/startup_stm32f10x_md.s 0x00000000   Number         0  startup_stm32f10x_md.o ABSOLUTE
    RTE/Device/STM32F103C8/system_stm32f10x.c 0x00000000   Number         0  system_stm32f10x.o ABSOLUTE
    RTE\Device\STM32F103C8\system_stm32f10x.c 0x00000000   Number         0  system_stm32f10x.o ABSOLUTE
    cdrcmple.s                               0x00000000   Number         0  cdrcmple.o ABSOLUTE
    cfcmple.s                                0x00000000   Number         0  cfcmple.o ABSOLUTE
    cfrcmple.s                               0x00000000   Number         0  cfrcmple.o ABSOLUTE
    dc.s                                     0x00000000   Number         0  dc.o ABSOLUTE
    handlers.s                               0x00000000   Number         0  handlers.o ABSOLUTE
    init.s                                   0x00000000   Number         0  init.o ABSOLUTE
    user\\main.c                             0x00000000   Number         0  main.o ABSOLUTE
    user\main.c                              0x00000000   Number         0  main.o ABSOLUTE
    RESET                                    0x08000000   Section      236  startup_stm32f10x_md.o(RESET)
    .ARM.Collect$$$$00000000                 0x080000ec   Section        0  entry.o(.ARM.Collect$$$$00000000)
    .ARM.Collect$$$$00000001                 0x080000ec   Section        4  entry2.o(.ARM.Collect$$$$00000001)
    .ARM.Collect$$$$00000004                 0x080000f0   Section        4  entry5.o(.ARM.Collect$$$$00000004)
    .ARM.Collect$$$$00000008                 0x080000f4   Section        0  entry7b.o(.ARM.Collect$$$$00000008)
    .ARM.Collect$$$$0000000A                 0x080000f4   Section        0  entry8b.o(.ARM.Collect$$$$0000000A)
    .ARM.Collect$$$$0000000B                 0x080000f4   Section        8  entry9a.o(.ARM.Collect$$$$0000000B)
    .ARM.Collect$$$$0000000E                 0x080000fc   Section        4  entry12b.o(.ARM.Collect$$$$0000000E)
    .ARM.Collect$$$$0000000F                 0x08000100   Section        0  entry10a.o(.ARM.Collect$$$$0000000F)
    .ARM.Collect$$$$00000011                 0x08000100   Section        0  entry11a.o(.ARM.Collect$$$$00000011)
    .ARM.Collect$$$$00002712                 0x08000100   Section        4  entry2.o(.ARM.Collect$$$$00002712)
    __lit__00000000                          0x08000100   Data           4  entry2.o(.ARM.Collect$$$$00002712)
    .text                                    0x08000104   Section       36  startup_stm32f10x_md.o(.text)
    .text                                    0x08000128   Section        0  fadd.o(.text)
    .text                                    0x080001d8   Section        0  fmul.o(.text)
    .text                                    0x0800023c   Section        0  fdiv.o(.text)
    .text                                    0x080002b8   Section        0  dadd.o(.text)
    .text                                    0x08000406   Section        0  fflti.o(.text)
    .text                                    0x08000418   Section        0  ffltui.o(.text)
    .text                                    0x08000422   Section        0  ffixi.o(.text)
    .text                                    0x08000454   Section        0  ffixui.o(.text)
    .text                                    0x0800047c   Section        0  dfixi.o(.text)
    .text                                    0x080004ba   Section        0  f2d.o(.text)
    .text                                    0x080004e0   Section       20  cfcmple.o(.text)
    .text                                    0x080004f4   Section       20  cfrcmple.o(.text)
    .text                                    0x08000508   Section        0  uidiv.o(.text)
    .text                                    0x08000534   Section        0  uldiv.o(.text)
    .text                                    0x08000596   Section        0  llshl.o(.text)
    .text                                    0x080005b4   Section        0  llushr.o(.text)
    .text                                    0x080005d4   Section        0  llsshr.o(.text)
    .text                                    0x080005f8   Section        0  fepilogue.o(.text)
    .text                                    0x080005f8   Section        0  iusefp.o(.text)
    .text                                    0x08000666   Section        0  depilogue.o(.text)
    .text                                    0x08000720   Section        0  dmul.o(.text)
    .text                                    0x08000804   Section        0  ddiv.o(.text)
    .text                                    0x080008e2   Section        0  dfixul.o(.text)
    .text                                    0x08000914   Section       48  cdrcmple.o(.text)
    .text                                    0x08000944   Section       36  init.o(.text)
    i.EXTI0_IRQHandler                       0x08000968   Section        0  exti.o(i.EXTI0_IRQHandler)
    i.EXTI15_10_IRQHandler                   0x0800098c   Section        0  exti.o(i.EXTI15_10_IRQHandler)
    i.EXTI1_IRQHandler                       0x08000a60   Section        0  exti.o(i.EXTI1_IRQHandler)
    i.EXTI2_IRQHandler                       0x08000a84   Section        0  exti.o(i.EXTI2_IRQHandler)
    i.EXTI3_IRQHandler                       0x08000aa8   Section        0  exti.o(i.EXTI3_IRQHandler)
    i.EXTI4_IRQHandler                       0x08000acc   Section        0  exti.o(i.EXTI4_IRQHandler)
    i.EXTI9_5_IRQHandler                     0x08000af0   Section        0  exti.o(i.EXTI9_5_IRQHandler)
    i.EXTI_CallbackInstall                   0x08000b94   Section        0  exti.o(i.EXTI_CallbackInstall)
    i.EXTI_ClearITPendingBit                 0x08000ba4   Section        0  stm32f10x_exti.o(i.EXTI_ClearITPendingBit)
    i.EXTI_GetITStatus                       0x08000bb0   Section        0  stm32f10x_exti.o(i.EXTI_GetITStatus)
    i.EXTI_Init                              0x08000bd8   Section        0  stm32f10x_exti.o(i.EXTI_Init)
    i.EXTI_QuickInit                         0x08000c6c   Section        0  exti.o(i.EXTI_QuickInit)
    i.GPIO_EXTILineConfig                    0x08000d34   Section        0  stm32f10x_gpio.o(i.GPIO_EXTILineConfig)
    i.GPIO_Init                              0x08000d74   Section        0  stm32f10x_gpio.o(i.GPIO_Init)
    i.GPIO_PWM_Init                          0x08000e8c   Section        0  timer.o(i.GPIO_PWM_Init)
    i.GPIO_QuickInit                         0x08000f84   Section        0  gpio.o(i.GPIO_QuickInit)
    i.GPIO_SetBits                           0x08001064   Section        0  stm32f10x_gpio.o(i.GPIO_SetBits)
    i.IIC_Init                               0x08001068   Section        0  i2c.o(i.IIC_Init)
    i.IIC_Send_Byte                          0x080010a0   Section        0  i2c.o(i.IIC_Send_Byte)
    i.IIC_Start                              0x08001114   Section        0  i2c.o(i.IIC_Start)
    i.IIC_Stop                               0x08001160   Section        0  i2c.o(i.IIC_Stop)
    i.IIC_Wait_Ack                           0x080011ac   Section        0  i2c.o(i.IIC_Wait_Ack)
    i.Incremental_PI                         0x08001210   Section        0  main.o(i.Incremental_PI)
    i.NVIC_Init                              0x08001298   Section        0  misc.o(i.NVIC_Init)
    i.NVIC_PriorityGroupConfig               0x08001308   Section        0  misc.o(i.NVIC_PriorityGroupConfig)
    i.NVIC_init                              0x0800131c   Section        0  nvic.o(i.NVIC_init)
    i.OLED_CLS                               0x08001328   Section        0  iic_ssd1306.o(i.OLED_CLS)
    i.OLED_Fill                              0x08001360   Section        0  iic_ssd1306.o(i.OLED_Fill)
    i.OLED_Init                              0x0800139a   Section        0  iic_ssd1306.o(i.OLED_Init)
    i.OLED_P8x16Num                          0x08001450   Section        0  iic_ssd1306.o(i.OLED_P8x16Num)
    i.OLED_P8x16Str                          0x08001864   Section        0  iic_ssd1306.o(i.OLED_P8x16Str)
    i.OLED_Set_Pos                           0x080018ec   Section        0  iic_ssd1306.o(i.OLED_Set_Pos)
    i.OLED_WrCmd                             0x08001914   Section        0  iic_ssd1306.o(i.OLED_WrCmd)
    i.OLED_WrDat                             0x08001940   Section        0  iic_ssd1306.o(i.OLED_WrDat)
    i.RCC_APB1PeriphClockCmd                 0x0800196c   Section        0  stm32f10x_rcc.o(i.RCC_APB1PeriphClockCmd)
    i.RCC_APB1PeriphResetCmd                 0x0800198c   Section        0  stm32f10x_rcc.o(i.RCC_APB1PeriphResetCmd)
    i.RCC_APB2PeriphClockCmd                 0x080019ac   Section        0  stm32f10x_rcc.o(i.RCC_APB2PeriphClockCmd)
    i.RCC_APB2PeriphResetCmd                 0x080019cc   Section        0  stm32f10x_rcc.o(i.RCC_APB2PeriphResetCmd)
    i.RCC_GetClocksFreq                      0x080019ec   Section        0  stm32f10x_rcc.o(i.RCC_GetClocksFreq)
    i.SYSTICK_Cmd                            0x08001ac0   Section        0  systick.o(i.SYSTICK_Cmd)
    i.SYSTICK_DelayInit                      0x08001ae8   Section        0  systick.o(i.SYSTICK_DelayInit)
    i.SYSTICK_DelayMs                        0x08001b38   Section        0  systick.o(i.SYSTICK_DelayMs)
    i.SYSTICK_DelayUs                        0x08001b80   Section        0  systick.o(i.SYSTICK_DelayUs)
    i.SYSTICK_ITConfig                       0x08001bcc   Section        0  systick.o(i.SYSTICK_ITConfig)
    i.SetSysClock                            0x08001bf4   Section        0  system_stm32f10x.o(i.SetSysClock)
    SetSysClock                              0x08001bf5   Thumb Code     8  system_stm32f10x.o(i.SetSysClock)
    i.SetSysClockTo72                        0x08001bfc   Section        0  system_stm32f10x.o(i.SetSysClockTo72)
    SetSysClockTo72                          0x08001bfd   Thumb Code   214  system_stm32f10x.o(i.SetSysClockTo72)
    i.SysTick_CLKSourceConfig                0x08001cdc   Section        0  misc.o(i.SysTick_CLKSourceConfig)
    i.SystemInit                             0x08001d04   Section        0  system_stm32f10x.o(i.SystemInit)
    i.TIM2_IRQHandler                        0x08001d64   Section        0  timer.o(i.TIM2_IRQHandler)
    i.TIM3_IRQHandler                        0x08001d84   Section        0  timer.o(i.TIM3_IRQHandler)
    i.TIM4_IRQHandler                        0x08001da8   Section        0  timer.o(i.TIM4_IRQHandler)
    i.TIMER_CallbackInstall                  0x08001dcc   Section        0  timer.o(i.TIMER_CallbackInstall)
    i.TIM_ClearITPendingBit                  0x08001ddc   Section        0  stm32f10x_tim.o(i.TIM_ClearITPendingBit)
    i.TIM_Cmd                                0x08001de2   Section        0  stm32f10x_tim.o(i.TIM_Cmd)
    i.TIM_GetITStatus                        0x08001dfa   Section        0  stm32f10x_tim.o(i.TIM_GetITStatus)
    i.TIM_ITConfig                           0x08001e1c   Section        0  stm32f10x_tim.o(i.TIM_ITConfig)
    i.TIM_OC1Init                            0x08001e30   Section        0  stm32f10x_tim.o(i.TIM_OC1Init)
    i.TIM_OC1PreloadConfig                   0x08001ec8   Section        0  stm32f10x_tim.o(i.TIM_OC1PreloadConfig)
    i.TIM_OC2Init                            0x08001edc   Section        0  stm32f10x_tim.o(i.TIM_OC2Init)
    i.TIM_OC2PreloadConfig                   0x08001f80   Section        0  stm32f10x_tim.o(i.TIM_OC2PreloadConfig)
    i.TIM_OC3Init                            0x08001f9c   Section        0  stm32f10x_tim.o(i.TIM_OC3Init)
    i.TIM_OC3PreloadConfig                   0x0800203c   Section        0  stm32f10x_tim.o(i.TIM_OC3PreloadConfig)
    i.TIM_OC4Init                            0x08002050   Section        0  stm32f10x_tim.o(i.TIM_OC4Init)
    i.TIM_OC4PreloadConfig                   0x080020cc   Section        0  stm32f10x_tim.o(i.TIM_OC4PreloadConfig)
    i.TIM_OCInit                             0x080020e6   Section        0  timer.o(i.TIM_OCInit)
    i.TIM_PWM_Init                           0x08002160   Section        0  timer.o(i.TIM_PWM_Init)
    i.TIM_SetCompare                         0x080021ac   Section        0  timer.o(i.TIM_SetCompare)
    i.TIM_SetCompare1                        0x08002214   Section        0  stm32f10x_tim.o(i.TIM_SetCompare1)
    i.TIM_SetCompare2                        0x08002218   Section        0  stm32f10x_tim.o(i.TIM_SetCompare2)
    i.TIM_SetCompare3                        0x0800221c   Section        0  stm32f10x_tim.o(i.TIM_SetCompare3)
    i.TIM_SetCompare4                        0x08002220   Section        0  stm32f10x_tim.o(i.TIM_SetCompare4)
    i.TIM_TimeBaseInit                       0x08002228   Section        0  stm32f10x_tim.o(i.TIM_TimeBaseInit)
    i.TIM_ms_Init                            0x080022cc   Section        0  timer.o(i.TIM_ms_Init)
    i.TIM_tim_Init                           0x080023d4   Section        0  timer.o(i.TIM_tim_Init)
    i.UART_CallbackInstall                   0x08002498   Section        0  uart.o(i.UART_CallbackInstall)
    i.UART_QuickInit                         0x080024a8   Section        0  uart.o(i.UART_QuickInit)
    i.UART_ReadByte                          0x080026b4   Section        0  uart.o(i.UART_ReadByte)
    i.USART1_IRQHandler                      0x08002700   Section        0  uart.o(i.USART1_IRQHandler)
    i.USART2_IRQHandler                      0x08002730   Section        0  uart.o(i.USART2_IRQHandler)
    i.USART3_IRQHandler                      0x08002760   Section        0  uart.o(i.USART3_IRQHandler)
    i.USART_Cmd                              0x08002790   Section        0  stm32f10x_usart.o(i.USART_Cmd)
    i.USART_DeInit                           0x080027a8   Section        0  stm32f10x_usart.o(i.USART_DeInit)
    i.USART_GetFlagStatus                    0x08002844   Section        0  stm32f10x_usart.o(i.USART_GetFlagStatus)
    i.USART_GetITStatus                      0x0800285e   Section        0  stm32f10x_usart.o(i.USART_GetITStatus)
    i.USART_ITConfig                         0x080028b2   Section        0  stm32f10x_usart.o(i.USART_ITConfig)
    i.USART_Init                             0x080028fc   Section        0  stm32f10x_usart.o(i.USART_Init)
    i.USART_SendData                         0x080029d4   Section        0  stm32f10x_usart.o(i.USART_SendData)
    i.__0printf                              0x080029dc   Section        0  printfa.o(i.__0printf)
    i.__scatterload_copy                     0x080029fc   Section       14  handlers.o(i.__scatterload_copy)
    i.__scatterload_null                     0x08002a0a   Section        2  handlers.o(i.__scatterload_null)
    i.__scatterload_zeroinit                 0x08002a0c   Section       14  handlers.o(i.__scatterload_zeroinit)
    i._fp_digits                             0x08002a1c   Section        0  printfa.o(i._fp_digits)
    _fp_digits                               0x08002a1d   Thumb Code   366  printfa.o(i._fp_digits)
    i._printf_core                           0x08002ba0   Section        0  printfa.o(i._printf_core)
    _printf_core                             0x08002ba1   Thumb Code  1704  printfa.o(i._printf_core)
    i._printf_post_padding                   0x08003254   Section        0  printfa.o(i._printf_post_padding)
    _printf_post_padding                     0x08003255   Thumb Code    36  printfa.o(i._printf_post_padding)
    i._printf_pre_padding                    0x08003278   Section        0  printfa.o(i._printf_pre_padding)
    _printf_pre_padding                      0x08003279   Thumb Code    46  printfa.o(i._printf_pre_padding)
    i.encoder_exti                           0x080032a8   Section        0  main.o(i.encoder_exti)
    i.encoder_init                           0x080032d0   Section        0  main.o(i.encoder_init)
    i.fputc                                  0x080032f8   Section        0  uart.o(i.fputc)
    i.getNum                                 0x0800331c   Section        0  main.o(i.getNum)
    i.getPID                                 0x080033c8   Section        0  main.o(i.getPID)
    i.getPraVue                              0x08003738   Section        0  main.o(i.getPraVue)
    i.get_encoder_val                        0x08003768   Section        0  main.o(i.get_encoder_val)
    i.key_deal                               0x08003778   Section        0  main.o(i.key_deal)
    i.key_init                               0x08003858   Section        0  main.o(i.key_init)
    i.main                                   0x0800387c   Section        0  main.o(i.main)
    i.motor_init                             0x08003a14   Section        0  motor.o(i.motor_init)
    i.myabs                                  0x08003a58   Section        0  motor.o(i.myabs)
    i.set_motor_pwm                          0x08003a68   Section        0  motor.o(i.set_motor_pwm)
    i.timer3                                 0x08003aac   Section        0  main.o(i.timer3)
    i.uart1                                  0x08003b48   Section        0  main.o(i.uart1)
    .constdata                               0x08003b98   Section     2086  iic_ssd1306.o(.constdata)
    .data                                    0x20000000   Section      100  main.o(.data)
    Bias                                     0x20000058   Data           4  main.o(.data)
    Pwm                                      0x2000005c   Data           4  main.o(.data)
    Last_bias                                0x20000060   Data           4  main.o(.data)
    .data                                    0x20000064   Section       20  stm32f10x_rcc.o(.data)
    APBAHBPrescTable                         0x20000064   Data          16  stm32f10x_rcc.o(.data)
    ADCPrescTable                            0x20000074   Data           4  stm32f10x_rcc.o(.data)
    .data                                    0x20000078   Section        4  systick.o(.data)
    fac_us                                   0x20000078   Data           1  systick.o(.data)
    fac_ms                                   0x2000007a   Data           2  systick.o(.data)
    .data                                    0x2000007c   Section       20  system_stm32f10x.o(.data)
    .data                                    0x20000090   Section        4  stdout.o(.data)
    .bss                                     0x20000094   Section       16  uart.o(.bss)
    UART_CallBackTable                       0x20000094   Data          16  uart.o(.bss)
    .bss                                     0x200000a4   Section       24  timer.o(.bss)
    TIMER_CallBackTable                      0x200000a4   Data          24  timer.o(.bss)
    .bss                                     0x200000bc   Section       64  exti.o(.bss)
    GPIO_CallBackTable                       0x200000bc   Data          64  exti.o(.bss)
    STACK                                    0x20000100   Section     1024  startup_stm32f10x_md.o(STACK)

    Global Symbols

    Symbol Name                              Value     Ov Type        Size  Object(Section)

    BuildAttributes$$THM_ISAv4$P$D$K$B$S$PE$A:L22UL41UL21$X:L11$S22US41US21$IEEE1$IW$USESV6$~STKCKD$USESV7$~SHL$OTIME$ROPI$EBA8$MICROLIB$REQ8$PRES8$EABIv2 0x00000000   Number         0  anon$$obj.o ABSOLUTE
    __ARM_use_no_argv                        0x00000000   Number         0  main.o ABSOLUTE
    _printf_a                                0x00000000   Number         0  stubs.o ABSOLUTE
    _printf_c                                0x00000000   Number         0  stubs.o ABSOLUTE
    _printf_charcount                        0x00000000   Number         0  stubs.o ABSOLUTE
    _printf_d                                0x00000000   Number         0  stubs.o ABSOLUTE
    _printf_e                                0x00000000   Number         0  stubs.o ABSOLUTE
    _printf_f                                0x00000000   Number         0  stubs.o ABSOLUTE
    _printf_flags                            0x00000000   Number         0  stubs.o ABSOLUTE
    _printf_fp_dec                           0x00000000   Number         0  stubs.o ABSOLUTE
    _printf_fp_hex                           0x00000000   Number         0  stubs.o ABSOLUTE
    _printf_g                                0x00000000   Number         0  stubs.o ABSOLUTE
    _printf_i                                0x00000000   Number         0  stubs.o ABSOLUTE
    _printf_int_dec                          0x00000000   Number         0  stubs.o ABSOLUTE
    _printf_l                                0x00000000   Number         0  stubs.o ABSOLUTE
    _printf_lc                               0x00000000   Number         0  stubs.o ABSOLUTE
    _printf_ll                               0x00000000   Number         0  stubs.o ABSOLUTE
    _printf_lld                              0x00000000   Number         0  stubs.o ABSOLUTE
    _printf_lli                              0x00000000   Number         0  stubs.o ABSOLUTE
    _printf_llo                              0x00000000   Number         0  stubs.o ABSOLUTE
    _printf_llu                              0x00000000   Number         0  stubs.o ABSOLUTE
    _printf_llx                              0x00000000   Number         0  stubs.o ABSOLUTE
    _printf_longlong_dec                     0x00000000   Number         0  stubs.o ABSOLUTE
    _printf_longlong_hex                     0x00000000   Number         0  stubs.o ABSOLUTE
    _printf_longlong_oct                     0x00000000   Number         0  stubs.o ABSOLUTE
    _printf_ls                               0x00000000   Number         0  stubs.o ABSOLUTE
    _printf_mbtowc                           0x00000000   Number         0  stubs.o ABSOLUTE
    _printf_n                                0x00000000   Number         0  stubs.o ABSOLUTE
    _printf_o                                0x00000000   Number         0  stubs.o ABSOLUTE
    _printf_p                                0x00000000   Number         0  stubs.o ABSOLUTE
    _printf_percent                          0x00000000   Number         0  stubs.o ABSOLUTE
    _printf_pre_padding                      0x00000000   Number         0  stubs.o ABSOLUTE
    _printf_return_value                     0x00000000   Number         0  stubs.o ABSOLUTE
    _printf_s                                0x00000000   Number         0  stubs.o ABSOLUTE
    _printf_sizespec                         0x00000000   Number         0  stubs.o ABSOLUTE
    _printf_str                              0x00000000   Number         0  stubs.o ABSOLUTE
    _printf_truncate_signed                  0x00000000   Number         0  stubs.o ABSOLUTE
    _printf_truncate_unsigned                0x00000000   Number         0  stubs.o ABSOLUTE
    _printf_u                                0x00000000   Number         0  stubs.o ABSOLUTE
    _printf_wc                               0x00000000   Number         0  stubs.o ABSOLUTE
    _printf_wctomb                           0x00000000   Number         0  stubs.o ABSOLUTE
    _printf_widthprec                        0x00000000   Number         0  stubs.o ABSOLUTE
    _printf_x                                0x00000000   Number         0  stubs.o ABSOLUTE
    __arm_fini_                               - Undefined Weak Reference
    __cpp_initialize__aeabi_                  - Undefined Weak Reference
    __cxa_finalize                            - Undefined Weak Reference
    __decompress                              - Undefined Weak Reference
    _clock_init                               - Undefined Weak Reference
    _microlib_exit                            - Undefined Weak Reference
    __Vectors_Size                           0x000000ec   Number         0  startup_stm32f10x_md.o ABSOLUTE
    __Vectors                                0x08000000   Data           4  startup_stm32f10x_md.o(RESET)
    __Vectors_End                            0x080000ec   Data           0  startup_stm32f10x_md.o(RESET)
    __main                                   0x080000ed   Thumb Code     0  entry.o(.ARM.Collect$$$$00000000)
    _main_stk                                0x080000ed   Thumb Code     0  entry2.o(.ARM.Collect$$$$00000001)
    _main_scatterload                        0x080000f1   Thumb Code     0  entry5.o(.ARM.Collect$$$$00000004)
    __main_after_scatterload                 0x080000f5   Thumb Code     0  entry5.o(.ARM.Collect$$$$00000004)
    _main_clock                              0x080000f5   Thumb Code     0  entry7b.o(.ARM.Collect$$$$00000008)
    _main_cpp_init                           0x080000f5   Thumb Code     0  entry8b.o(.ARM.Collect$$$$0000000A)
    _main_init                               0x080000f5   Thumb Code     0  entry9a.o(.ARM.Collect$$$$0000000B)
    __rt_lib_shutdown_fini                   0x080000fd   Thumb Code     0  entry12b.o(.ARM.Collect$$$$0000000E)
    __rt_final_cpp                           0x08000101   Thumb Code     0  entry10a.o(.ARM.Collect$$$$0000000F)
    __rt_final_exit                          0x08000101   Thumb Code     0  entry11a.o(.ARM.Collect$$$$00000011)
    Reset_Handler                            0x08000105   Thumb Code     8  startup_stm32f10x_md.o(.text)
    NMI_Handler                              0x0800010d   Thumb Code     2  startup_stm32f10x_md.o(.text)
    HardFault_Handler                        0x0800010f   Thumb Code     2  startup_stm32f10x_md.o(.text)
    MemManage_Handler                        0x08000111   Thumb Code     2  startup_stm32f10x_md.o(.text)
    BusFault_Handler                         0x08000113   Thumb Code     2  startup_stm32f10x_md.o(.text)
    UsageFault_Handler                       0x08000115   Thumb Code     2  startup_stm32f10x_md.o(.text)
    SVC_Handler                              0x08000117   Thumb Code     2  startup_stm32f10x_md.o(.text)
    DebugMon_Handler                         0x08000119   Thumb Code     2  startup_stm32f10x_md.o(.text)
    PendSV_Handler                           0x0800011b   Thumb Code     2  startup_stm32f10x_md.o(.text)
    SysTick_Handler                          0x0800011d   Thumb Code     2  startup_stm32f10x_md.o(.text)
    ADC1_2_IRQHandler                        0x0800011f   Thumb Code     0  startup_stm32f10x_md.o(.text)
    CAN1_RX1_IRQHandler                      0x0800011f   Thumb Code     0  startup_stm32f10x_md.o(.text)
    CAN1_SCE_IRQHandler                      0x0800011f   Thumb Code     0  startup_stm32f10x_md.o(.text)
    DMA1_Channel1_IRQHandler                 0x0800011f   Thumb Code     0  startup_stm32f10x_md.o(.text)
    DMA1_Channel2_IRQHandler                 0x0800011f   Thumb Code     0  startup_stm32f10x_md.o(.text)
    DMA1_Channel3_IRQHandler                 0x0800011f   Thumb Code     0  startup_stm32f10x_md.o(.text)
    DMA1_Channel4_IRQHandler                 0x0800011f   Thumb Code     0  startup_stm32f10x_md.o(.text)
    DMA1_Channel5_IRQHandler                 0x0800011f   Thumb Code     0  startup_stm32f10x_md.o(.text)
    DMA1_Channel6_IRQHandler                 0x0800011f   Thumb Code     0  startup_stm32f10x_md.o(.text)
    DMA1_Channel7_IRQHandler                 0x0800011f   Thumb Code     0  startup_stm32f10x_md.o(.text)
    FLASH_IRQHandler                         0x0800011f   Thumb Code     0  startup_stm32f10x_md.o(.text)
    I2C1_ER_IRQHandler                       0x0800011f   Thumb Code     0  startup_stm32f10x_md.o(.text)
    I2C1_EV_IRQHandler                       0x0800011f   Thumb Code     0  startup_stm32f10x_md.o(.text)
    I2C2_ER_IRQHandler                       0x0800011f   Thumb Code     0  startup_stm32f10x_md.o(.text)
    I2C2_EV_IRQHandler                       0x0800011f   Thumb Code     0  startup_stm32f10x_md.o(.text)
    PVD_IRQHandler                           0x0800011f   Thumb Code     0  startup_stm32f10x_md.o(.text)
    RCC_IRQHandler                           0x0800011f   Thumb Code     0  startup_stm32f10x_md.o(.text)
    RTCAlarm_IRQHandler                      0x0800011f   Thumb Code     0  startup_stm32f10x_md.o(.text)
    RTC_IRQHandler                           0x0800011f   Thumb Code     0  startup_stm32f10x_md.o(.text)
    SPI1_IRQHandler                          0x0800011f   Thumb Code     0  startup_stm32f10x_md.o(.text)
    SPI2_IRQHandler                          0x0800011f   Thumb Code     0  startup_stm32f10x_md.o(.text)
    TAMPER_IRQHandler                        0x0800011f   Thumb Code     0  startup_stm32f10x_md.o(.text)
    TIM1_BRK_IRQHandler                      0x0800011f   Thumb Code     0  startup_stm32f10x_md.o(.text)
    TIM1_CC_IRQHandler                       0x0800011f   Thumb Code     0  startup_stm32f10x_md.o(.text)
    TIM1_TRG_COM_IRQHandler                  0x0800011f   Thumb Code     0  startup_stm32f10x_md.o(.text)
    TIM1_UP_IRQHandler                       0x0800011f   Thumb Code     0  startup_stm32f10x_md.o(.text)
    USBWakeUp_IRQHandler                     0x0800011f   Thumb Code     0  startup_stm32f10x_md.o(.text)
    USB_HP_CAN1_TX_IRQHandler                0x0800011f   Thumb Code     0  startup_stm32f10x_md.o(.text)
    USB_LP_CAN1_RX0_IRQHandler               0x0800011f   Thumb Code     0  startup_stm32f10x_md.o(.text)
    WWDG_IRQHandler                          0x0800011f   Thumb Code     0  startup_stm32f10x_md.o(.text)
    __aeabi_fadd                             0x08000129   Thumb Code   164  fadd.o(.text)
    __aeabi_fsub                             0x080001cd   Thumb Code     6  fadd.o(.text)
    __aeabi_frsub                            0x080001d3   Thumb Code     6  fadd.o(.text)
    __aeabi_fmul                             0x080001d9   Thumb Code   100  fmul.o(.text)
    __aeabi_fdiv                             0x0800023d   Thumb Code   124  fdiv.o(.text)
    __aeabi_dadd                             0x080002b9   Thumb Code   322  dadd.o(.text)
    __aeabi_dsub                             0x080003fb   Thumb Code     6  dadd.o(.text)
    __aeabi_drsub                            0x08000401   Thumb Code     6  dadd.o(.text)
    __aeabi_i2f                              0x08000407   Thumb Code    18  fflti.o(.text)
    __aeabi_ui2f                             0x08000419   Thumb Code    10  ffltui.o(.text)
    __aeabi_f2iz                             0x08000423   Thumb Code    50  ffixi.o(.text)
    __aeabi_f2uiz                            0x08000455   Thumb Code    40  ffixui.o(.text)
    __aeabi_d2iz                             0x0800047d   Thumb Code    62  dfixi.o(.text)
    __aeabi_f2d                              0x080004bb   Thumb Code    38  f2d.o(.text)
    __aeabi_cfcmpeq                          0x080004e1   Thumb Code     0  cfcmple.o(.text)
    __aeabi_cfcmple                          0x080004e1   Thumb Code    20  cfcmple.o(.text)
    __aeabi_cfrcmple                         0x080004f5   Thumb Code    20  cfrcmple.o(.text)
    __aeabi_uidiv                            0x08000509   Thumb Code     0  uidiv.o(.text)
    __aeabi_uidivmod                         0x08000509   Thumb Code    44  uidiv.o(.text)
    __aeabi_uldivmod                         0x08000535   Thumb Code    98  uldiv.o(.text)
    __aeabi_llsl                             0x08000597   Thumb Code    30  llshl.o(.text)
    _ll_shift_l                              0x08000597   Thumb Code     0  llshl.o(.text)
    __aeabi_llsr                             0x080005b5   Thumb Code    32  llushr.o(.text)
    _ll_ushift_r                             0x080005b5   Thumb Code     0  llushr.o(.text)
    __aeabi_lasr                             0x080005d5   Thumb Code    36  llsshr.o(.text)
    _ll_sshift_r                             0x080005d5   Thumb Code     0  llsshr.o(.text)
    __I$use$fp                               0x080005f9   Thumb Code     0  iusefp.o(.text)
    _float_round                             0x080005f9   Thumb Code    18  fepilogue.o(.text)
    _float_epilogue                          0x0800060b   Thumb Code    92  fepilogue.o(.text)
    _double_round                            0x08000667   Thumb Code    30  depilogue.o(.text)
    _double_epilogue                         0x08000685   Thumb Code   156  depilogue.o(.text)
    __aeabi_dmul                             0x08000721   Thumb Code   228  dmul.o(.text)
    __aeabi_ddiv                             0x08000805   Thumb Code   222  ddiv.o(.text)
    __aeabi_d2ulz                            0x080008e3   Thumb Code    48  dfixul.o(.text)
    __aeabi_cdrcmple                         0x08000915   Thumb Code    48  cdrcmple.o(.text)
    __scatterload                            0x08000945   Thumb Code    28  init.o(.text)
    __scatterload_rt2                        0x08000945   Thumb Code     0  init.o(.text)
    EXTI0_IRQHandler                         0x08000969   Thumb Code    32  exti.o(i.EXTI0_IRQHandler)
    EXTI15_10_IRQHandler                     0x0800098d   Thumb Code   206  exti.o(i.EXTI15_10_IRQHandler)
    EXTI1_IRQHandler                         0x08000a61   Thumb Code    32  exti.o(i.EXTI1_IRQHandler)
    EXTI2_IRQHandler                         0x08000a85   Thumb Code    32  exti.o(i.EXTI2_IRQHandler)
    EXTI3_IRQHandler                         0x08000aa9   Thumb Code    32  exti.o(i.EXTI3_IRQHandler)
    EXTI4_IRQHandler                         0x08000acd   Thumb Code    32  exti.o(i.EXTI4_IRQHandler)
    EXTI9_5_IRQHandler                       0x08000af1   Thumb Code   160  exti.o(i.EXTI9_5_IRQHandler)
    EXTI_CallbackInstall                     0x08000b95   Thumb Code    10  exti.o(i.EXTI_CallbackInstall)
    EXTI_ClearITPendingBit                   0x08000ba5   Thumb Code     6  stm32f10x_exti.o(i.EXTI_ClearITPendingBit)
    EXTI_GetITStatus                         0x08000bb1   Thumb Code    34  stm32f10x_exti.o(i.EXTI_GetITStatus)
    EXTI_Init                                0x08000bd9   Thumb Code   142  stm32f10x_exti.o(i.EXTI_Init)
    EXTI_QuickInit                           0x08000c6d   Thumb Code   200  exti.o(i.EXTI_QuickInit)
    GPIO_EXTILineConfig                      0x08000d35   Thumb Code    60  stm32f10x_gpio.o(i.GPIO_EXTILineConfig)
    GPIO_Init                                0x08000d75   Thumb Code   278  stm32f10x_gpio.o(i.GPIO_Init)
    GPIO_PWM_Init                            0x08000e8d   Thumb Code   240  timer.o(i.GPIO_PWM_Init)
    GPIO_QuickInit                           0x08000f85   Thumb Code   202  gpio.o(i.GPIO_QuickInit)
    GPIO_SetBits                             0x08001065   Thumb Code     4  stm32f10x_gpio.o(i.GPIO_SetBits)
    IIC_Init                                 0x08001069   Thumb Code    50  i2c.o(i.IIC_Init)
    IIC_Send_Byte                            0x080010a1   Thumb Code   104  i2c.o(i.IIC_Send_Byte)
    IIC_Start                                0x08001115   Thumb Code    64  i2c.o(i.IIC_Start)
    IIC_Stop                                 0x08001161   Thumb Code    62  i2c.o(i.IIC_Stop)
    IIC_Wait_Ack                             0x080011ad   Thumb Code    86  i2c.o(i.IIC_Wait_Ack)
    Incremental_PI                           0x08001211   Thumb Code   114  main.o(i.Incremental_PI)
    NVIC_Init                                0x08001299   Thumb Code   100  misc.o(i.NVIC_Init)
    NVIC_PriorityGroupConfig                 0x08001309   Thumb Code    10  misc.o(i.NVIC_PriorityGroupConfig)
    NVIC_init                                0x0800131d   Thumb Code    12  nvic.o(i.NVIC_init)
    OLED_CLS                                 0x08001329   Thumb Code    56  iic_ssd1306.o(i.OLED_CLS)
    OLED_Fill                                0x08001361   Thumb Code    58  iic_ssd1306.o(i.OLED_Fill)
    OLED_Init                                0x0800139b   Thumb Code   180  iic_ssd1306.o(i.OLED_Init)
    OLED_P8x16Num                            0x08001451   Thumb Code  1010  iic_ssd1306.o(i.OLED_P8x16Num)
    OLED_P8x16Str                            0x08001865   Thumb Code   130  iic_ssd1306.o(i.OLED_P8x16Str)
    OLED_Set_Pos                             0x080018ed   Thumb Code    40  iic_ssd1306.o(i.OLED_Set_Pos)
    OLED_WrCmd                               0x08001915   Thumb Code    44  iic_ssd1306.o(i.OLED_WrCmd)
    OLED_WrDat                               0x08001941   Thumb Code    44  iic_ssd1306.o(i.OLED_WrDat)
    RCC_APB1PeriphClockCmd                   0x0800196d   Thumb Code    26  stm32f10x_rcc.o(i.RCC_APB1PeriphClockCmd)
    RCC_APB1PeriphResetCmd                   0x0800198d   Thumb Code    26  stm32f10x_rcc.o(i.RCC_APB1PeriphResetCmd)
    RCC_APB2PeriphClockCmd                   0x080019ad   Thumb Code    26  stm32f10x_rcc.o(i.RCC_APB2PeriphClockCmd)
    RCC_APB2PeriphResetCmd                   0x080019cd   Thumb Code    26  stm32f10x_rcc.o(i.RCC_APB2PeriphResetCmd)
    RCC_GetClocksFreq                        0x080019ed   Thumb Code   192  stm32f10x_rcc.o(i.RCC_GetClocksFreq)
    SYSTICK_Cmd                              0x08001ac1   Thumb Code    40  systick.o(i.SYSTICK_Cmd)
    SYSTICK_DelayInit                        0x08001ae9   Thumb Code    62  systick.o(i.SYSTICK_DelayInit)
    SYSTICK_DelayMs                          0x08001b39   Thumb Code    66  systick.o(i.SYSTICK_DelayMs)
    SYSTICK_DelayUs                          0x08001b81   Thumb Code    72  systick.o(i.SYSTICK_DelayUs)
    SYSTICK_ITConfig                         0x08001bcd   Thumb Code    40  systick.o(i.SYSTICK_ITConfig)
    SysTick_CLKSourceConfig                  0x08001cdd   Thumb Code    40  misc.o(i.SysTick_CLKSourceConfig)
    SystemInit                               0x08001d05   Thumb Code    78  system_stm32f10x.o(i.SystemInit)
    TIM2_IRQHandler                          0x08001d65   Thumb Code    28  timer.o(i.TIM2_IRQHandler)
    TIM3_IRQHandler                          0x08001d85   Thumb Code    26  timer.o(i.TIM3_IRQHandler)
    TIM4_IRQHandler                          0x08001da9   Thumb Code    26  timer.o(i.TIM4_IRQHandler)
    TIMER_CallbackInstall                    0x08001dcd   Thumb Code    10  timer.o(i.TIMER_CallbackInstall)
    TIM_ClearITPendingBit                    0x08001ddd   Thumb Code     6  stm32f10x_tim.o(i.TIM_ClearITPendingBit)
    TIM_Cmd                                  0x08001de3   Thumb Code    24  stm32f10x_tim.o(i.TIM_Cmd)
    TIM_GetITStatus                          0x08001dfb   Thumb Code    34  stm32f10x_tim.o(i.TIM_GetITStatus)
    TIM_ITConfig                             0x08001e1d   Thumb Code    18  stm32f10x_tim.o(i.TIM_ITConfig)
    TIM_OC1Init                              0x08001e31   Thumb Code   132  stm32f10x_tim.o(i.TIM_OC1Init)
    TIM_OC1PreloadConfig                     0x08001ec9   Thumb Code    18  stm32f10x_tim.o(i.TIM_OC1PreloadConfig)
    TIM_OC2Init                              0x08001edd   Thumb Code   154  stm32f10x_tim.o(i.TIM_OC2Init)
    TIM_OC2PreloadConfig                     0x08001f81   Thumb Code    26  stm32f10x_tim.o(i.TIM_OC2PreloadConfig)
    TIM_OC3Init                              0x08001f9d   Thumb Code   150  stm32f10x_tim.o(i.TIM_OC3Init)
    TIM_OC3PreloadConfig                     0x0800203d   Thumb Code    18  stm32f10x_tim.o(i.TIM_OC3PreloadConfig)
    TIM_OC4Init                              0x08002051   Thumb Code   114  stm32f10x_tim.o(i.TIM_OC4Init)
    TIM_OC4PreloadConfig                     0x080020cd   Thumb Code    26  stm32f10x_tim.o(i.TIM_OC4PreloadConfig)
    TIM_OCInit                               0x080020e7   Thumb Code   120  timer.o(i.TIM_OCInit)
    TIM_PWM_Init                             0x08002161   Thumb Code    72  timer.o(i.TIM_PWM_Init)
    TIM_SetCompare                           0x080021ad   Thumb Code   104  timer.o(i.TIM_SetCompare)
    TIM_SetCompare1                          0x08002215   Thumb Code     4  stm32f10x_tim.o(i.TIM_SetCompare1)
    TIM_SetCompare2                          0x08002219   Thumb Code     4  stm32f10x_tim.o(i.TIM_SetCompare2)
    TIM_SetCompare3                          0x0800221d   Thumb Code     4  stm32f10x_tim.o(i.TIM_SetCompare3)
    TIM_SetCompare4                          0x08002221   Thumb Code     6  stm32f10x_tim.o(i.TIM_SetCompare4)
    TIM_TimeBaseInit                         0x08002229   Thumb Code   122  stm32f10x_tim.o(i.TIM_TimeBaseInit)
    TIM_ms_Init                              0x080022cd   Thumb Code   230  timer.o(i.TIM_ms_Init)
    TIM_tim_Init                             0x080023d5   Thumb Code   168  timer.o(i.TIM_tim_Init)
    UART_CallbackInstall                     0x08002499   Thumb Code    10  uart.o(i.UART_CallbackInstall)
    UART_QuickInit                           0x080024a9   Thumb Code   496  uart.o(i.UART_QuickInit)
    UART_ReadByte                            0x080026b5   Thumb Code    62  uart.o(i.UART_ReadByte)
    USART1_IRQHandler                        0x08002701   Thumb Code    40  uart.o(i.USART1_IRQHandler)
    USART2_IRQHandler                        0x08002731   Thumb Code    40  uart.o(i.USART2_IRQHandler)
    USART3_IRQHandler                        0x08002761   Thumb Code    40  uart.o(i.USART3_IRQHandler)
    USART_Cmd                                0x08002791   Thumb Code    24  stm32f10x_usart.o(i.USART_Cmd)
    USART_DeInit                             0x080027a9   Thumb Code   134  stm32f10x_usart.o(i.USART_DeInit)
    USART_GetFlagStatus                      0x08002845   Thumb Code    26  stm32f10x_usart.o(i.USART_GetFlagStatus)
    USART_GetITStatus                        0x0800285f   Thumb Code    84  stm32f10x_usart.o(i.USART_GetITStatus)
    USART_ITConfig                           0x080028b3   Thumb Code    74  stm32f10x_usart.o(i.USART_ITConfig)
    USART_Init                               0x080028fd   Thumb Code   210  stm32f10x_usart.o(i.USART_Init)
    USART_SendData                           0x080029d5   Thumb Code     8  stm32f10x_usart.o(i.USART_SendData)
    __0printf                                0x080029dd   Thumb Code    22  printfa.o(i.__0printf)
    __1printf                                0x080029dd   Thumb Code     0  printfa.o(i.__0printf)
    __2printf                                0x080029dd   Thumb Code     0  printfa.o(i.__0printf)
    __c89printf                              0x080029dd   Thumb Code     0  printfa.o(i.__0printf)
    printf                                   0x080029dd   Thumb Code     0  printfa.o(i.__0printf)
    __scatterload_copy                       0x080029fd   Thumb Code    14  handlers.o(i.__scatterload_copy)
    __scatterload_null                       0x08002a0b   Thumb Code     2  handlers.o(i.__scatterload_null)
    __scatterload_zeroinit                   0x08002a0d   Thumb Code    14  handlers.o(i.__scatterload_zeroinit)
    encoder_exti                             0x080032a9   Thumb Code    32  main.o(i.encoder_exti)
    encoder_init                             0x080032d1   Thumb Code    36  main.o(i.encoder_init)
    fputc                                    0x080032f9   Thumb Code    32  uart.o(i.fputc)
    getNum                                   0x0800331d   Thumb Code   160  main.o(i.getNum)
    getPID                                   0x080033c9   Thumb Code   784  main.o(i.getPID)
    getPraVue                                0x08003739   Thumb Code    42  main.o(i.getPraVue)
    get_encoder_val                          0x08003769   Thumb Code    12  main.o(i.get_encoder_val)
    key_deal                                 0x08003779   Thumb Code   208  main.o(i.key_deal)
    key_init                                 0x08003859   Thumb Code    34  main.o(i.key_init)
    main                                     0x0800387d   Thumb Code   336  main.o(i.main)
    motor_init                               0x08003a15   Thumb Code    60  motor.o(i.motor_init)
    myabs                                    0x08003a59   Thumb Code    14  motor.o(i.myabs)
    set_motor_pwm                            0x08003a69   Thumb Code    58  motor.o(i.set_motor_pwm)
    timer3                                   0x08003aad   Thumb Code   120  main.o(i.timer3)
    uart1                                    0x08003b49   Thumb Code    68  main.o(i.uart1)
    F6x8                                     0x08003b98   Data         552  iic_ssd1306.o(.constdata)
    F8X16                                    0x08003dc0   Data        1520  iic_ssd1306.o(.constdata)
    Region$$Table$$Base                      0x080043c0   Number         0  anon$$obj.o(Region$$Table)
    Region$$Table$$Limit                     0x080043e0   Number         0  anon$$obj.o(Region$$Table)
    encoder_cnt                              0x20000000   Data           4  main.o(.data)
    PWM_MAX                                  0x20000004   Data           4  main.o(.data)
    SKp                                      0x20000008   Data           4  main.o(.data)
    SKi                                      0x2000000c   Data           4  main.o(.data)
    SPWM                                     0x20000010   Data           4  main.o(.data)
    target_v                                 0x20000014   Data           4  main.o(.data)
    encoder_v                                0x20000018   Data           4  main.o(.data)
    flag_rev                                 0x2000001c   Data           1  main.o(.data)
    flag_rev_num                             0x2000001d   Data           1  main.o(.data)
    rxbuf                                    0x2000001e   Data          55  main.o(.data)
    SystemCoreClock                          0x2000007c   Data           4  system_stm32f10x.o(.data)
    AHBPrescTable                            0x20000080   Data          16  system_stm32f10x.o(.data)
    __stdout                                 0x20000090   Data           4  stdout.o(.data)
    __initial_sp                             0x20000500   Data           0  startup_stm32f10x_md.o(STACK)



==============================================================================

Memory Map of the image

  Image Entry point : 0x080000ed

  Load Region LR_IROM1 (Base: 0x08000000, Size: 0x00004474, Max: 0x00010000, ABSOLUTE)

    Execution Region ER_IROM1 (Exec base: 0x08000000, Load base: 0x08000000, Size: 0x000043e0, Max: 0x00010000, ABSOLUTE)

    Exec Addr    Load Addr    Size         Type   Attr      Idx    E Section Name        Object

    0x08000000   0x08000000   0x000000ec   Data   RO         4231    RESET               startup_stm32f10x_md.o
    0x080000ec   0x080000ec   0x00000000   Code   RO         4282  * .ARM.Collect$$$$00000000  mc_w.l(entry.o)
    0x080000ec   0x080000ec   0x00000004   Code   RO         4570    .ARM.Collect$$$$00000001  mc_w.l(entry2.o)
    0x080000f0   0x080000f0   0x00000004   Code   RO         4573    .ARM.Collect$$$$00000004  mc_w.l(entry5.o)
    0x080000f4   0x080000f4   0x00000000   Code   RO         4575    .ARM.Collect$$$$00000008  mc_w.l(entry7b.o)
    0x080000f4   0x080000f4   0x00000000   Code   RO         4577    .ARM.Collect$$$$0000000A  mc_w.l(entry8b.o)
    0x080000f4   0x080000f4   0x00000008   Code   RO         4578    .ARM.Collect$$$$0000000B  mc_w.l(entry9a.o)
    0x080000fc   0x080000fc   0x00000004   Code   RO         4585    .ARM.Collect$$$$0000000E  mc_w.l(entry12b.o)
    0x08000100   0x08000100   0x00000000   Code   RO         4580    .ARM.Collect$$$$0000000F  mc_w.l(entry10a.o)
    0x08000100   0x08000100   0x00000000   Code   RO         4582    .ARM.Collect$$$$00000011  mc_w.l(entry11a.o)
    0x08000100   0x08000100   0x00000004   Code   RO         4571    .ARM.Collect$$$$00002712  mc_w.l(entry2.o)
    0x08000104   0x08000104   0x00000024   Code   RO         4232    .text               startup_stm32f10x_md.o
    0x08000128   0x08000128   0x000000b0   Code   RO         4546    .text               mf_w.l(fadd.o)
    0x080001d8   0x080001d8   0x00000064   Code   RO         4548    .text               mf_w.l(fmul.o)
    0x0800023c   0x0800023c   0x0000007c   Code   RO         4550    .text               mf_w.l(fdiv.o)
    0x080002b8   0x080002b8   0x0000014e   Code   RO         4552    .text               mf_w.l(dadd.o)
    0x08000406   0x08000406   0x00000012   Code   RO         4554    .text               mf_w.l(fflti.o)
    0x08000418   0x08000418   0x0000000a   Code   RO         4556    .text               mf_w.l(ffltui.o)
    0x08000422   0x08000422   0x00000032   Code   RO         4558    .text               mf_w.l(ffixi.o)
    0x08000454   0x08000454   0x00000028   Code   RO         4560    .text               mf_w.l(ffixui.o)
    0x0800047c   0x0800047c   0x0000003e   Code   RO         4562    .text               mf_w.l(dfixi.o)
    0x080004ba   0x080004ba   0x00000026   Code   RO         4564    .text               mf_w.l(f2d.o)
    0x080004e0   0x080004e0   0x00000014   Code   RO         4566    .text               mf_w.l(cfcmple.o)
    0x080004f4   0x080004f4   0x00000014   Code   RO         4568    .text               mf_w.l(cfrcmple.o)
    0x08000508   0x08000508   0x0000002c   Code   RO         4587    .text               mc_w.l(uidiv.o)
    0x08000534   0x08000534   0x00000062   Code   RO         4589    .text               mc_w.l(uldiv.o)
    0x08000596   0x08000596   0x0000001e   Code   RO         4591    .text               mc_w.l(llshl.o)
    0x080005b4   0x080005b4   0x00000020   Code   RO         4593    .text               mc_w.l(llushr.o)
    0x080005d4   0x080005d4   0x00000024   Code   RO         4595    .text               mc_w.l(llsshr.o)
    0x080005f8   0x080005f8   0x00000000   Code   RO         4597    .text               mc_w.l(iusefp.o)
    0x080005f8   0x080005f8   0x0000006e   Code   RO         4598    .text               mf_w.l(fepilogue.o)
    0x08000666   0x08000666   0x000000ba   Code   RO         4600    .text               mf_w.l(depilogue.o)
    0x08000720   0x08000720   0x000000e4   Code   RO         4602    .text               mf_w.l(dmul.o)
    0x08000804   0x08000804   0x000000de   Code   RO         4604    .text               mf_w.l(ddiv.o)
    0x080008e2   0x080008e2   0x00000030   Code   RO         4606    .text               mf_w.l(dfixul.o)
    0x08000912   0x08000912   0x00000002   PAD
    0x08000914   0x08000914   0x00000030   Code   RO         4608    .text               mf_w.l(cdrcmple.o)
    0x08000944   0x08000944   0x00000024   Code   RO         4610    .text               mc_w.l(init.o)
    0x08000968   0x08000968   0x00000024   Code   RO         3943    i.EXTI0_IRQHandler  exti.o
    0x0800098c   0x0800098c   0x000000d4   Code   RO         3944    i.EXTI15_10_IRQHandler  exti.o
    0x08000a60   0x08000a60   0x00000024   Code   RO         3945    i.EXTI1_IRQHandler  exti.o
    0x08000a84   0x08000a84   0x00000024   Code   RO         3946    i.EXTI2_IRQHandler  exti.o
    0x08000aa8   0x08000aa8   0x00000024   Code   RO         3947    i.EXTI3_IRQHandler  exti.o
    0x08000acc   0x08000acc   0x00000024   Code   RO         3948    i.EXTI4_IRQHandler  exti.o
    0x08000af0   0x08000af0   0x000000a4   Code   RO         3949    i.EXTI9_5_IRQHandler  exti.o
    0x08000b94   0x08000b94   0x00000010   Code   RO         3950    i.EXTI_CallbackInstall  exti.o
    0x08000ba4   0x08000ba4   0x0000000c   Code   RO         1197    i.EXTI_ClearITPendingBit  stm32f10x_exti.o
    0x08000bb0   0x08000bb0   0x00000028   Code   RO         1201    i.EXTI_GetITStatus  stm32f10x_exti.o
    0x08000bd8   0x08000bd8   0x00000094   Code   RO         1202    i.EXTI_Init         stm32f10x_exti.o
    0x08000c6c   0x08000c6c   0x000000c8   Code   RO         3952    i.EXTI_QuickInit    exti.o
    0x08000d34   0x08000d34   0x00000040   Code   RO         1583    i.GPIO_EXTILineConfig  stm32f10x_gpio.o
    0x08000d74   0x08000d74   0x00000116   Code   RO         1586    i.GPIO_Init         stm32f10x_gpio.o
    0x08000e8a   0x08000e8a   0x00000002   PAD
    0x08000e8c   0x08000e8c   0x000000f8   Code   RO         3737    i.GPIO_PWM_Init     timer.o
    0x08000f84   0x08000f84   0x000000e0   Code   RO         3534    i.GPIO_QuickInit    gpio.o
    0x08001064   0x08001064   0x00000004   Code   RO         1594    i.GPIO_SetBits      stm32f10x_gpio.o
    0x08001068   0x08001068   0x00000038   Code   RO         4167    i.IIC_Init          i2c.o
    0x080010a0   0x080010a0   0x00000074   Code   RO         4170    i.IIC_Send_Byte     i2c.o
    0x08001114   0x08001114   0x0000004c   Code   RO         4171    i.IIC_Start         i2c.o
    0x08001160   0x08001160   0x0000004c   Code   RO         4172    i.IIC_Stop          i2c.o
    0x080011ac   0x080011ac   0x00000064   Code   RO         4173    i.IIC_Wait_Ack      i2c.o
    0x08001210   0x08001210   0x00000088   Code   RO            4    i.Incremental_PI    main.o
    0x08001298   0x08001298   0x00000070   Code   RO          291    i.NVIC_Init         misc.o
    0x08001308   0x08001308   0x00000014   Code   RO          292    i.NVIC_PriorityGroupConfig  misc.o
    0x0800131c   0x0800131c   0x0000000c   Code   RO         3712    i.NVIC_init         nvic.o
    0x08001328   0x08001328   0x00000038   Code   RO         4060    i.OLED_CLS          iic_ssd1306.o
    0x08001360   0x08001360   0x0000003a   Code   RO         4061    i.OLED_Fill         iic_ssd1306.o
    0x0800139a   0x0800139a   0x000000b4   Code   RO         4062    i.OLED_Init         iic_ssd1306.o
    0x0800144e   0x0800144e   0x00000002   PAD
    0x08001450   0x08001450   0x00000414   Code   RO         4068    i.OLED_P8x16Num     iic_ssd1306.o
    0x08001864   0x08001864   0x00000088   Code   RO         4069    i.OLED_P8x16Str     iic_ssd1306.o
    0x080018ec   0x080018ec   0x00000028   Code   RO         4070    i.OLED_Set_Pos      iic_ssd1306.o
    0x08001914   0x08001914   0x0000002c   Code   RO         4071    i.OLED_WrCmd        iic_ssd1306.o
    0x08001940   0x08001940   0x0000002c   Code   RO         4072    i.OLED_WrDat        iic_ssd1306.o
    0x0800196c   0x0800196c   0x00000020   Code   RO         2050    i.RCC_APB1PeriphClockCmd  stm32f10x_rcc.o
    0x0800198c   0x0800198c   0x00000020   Code   RO         2051    i.RCC_APB1PeriphResetCmd  stm32f10x_rcc.o
    0x080019ac   0x080019ac   0x00000020   Code   RO         2052    i.RCC_APB2PeriphClockCmd  stm32f10x_rcc.o
    0x080019cc   0x080019cc   0x00000020   Code   RO         2053    i.RCC_APB2PeriphResetCmd  stm32f10x_rcc.o
    0x080019ec   0x080019ec   0x000000d4   Code   RO         2060    i.RCC_GetClocksFreq  stm32f10x_rcc.o
    0x08001ac0   0x08001ac0   0x00000028   Code   RO         3573    i.SYSTICK_Cmd       systick.o
    0x08001ae8   0x08001ae8   0x00000050   Code   RO         3574    i.SYSTICK_DelayInit  systick.o
    0x08001b38   0x08001b38   0x00000048   Code   RO         3575    i.SYSTICK_DelayMs   systick.o
    0x08001b80   0x08001b80   0x0000004c   Code   RO         3576    i.SYSTICK_DelayUs   systick.o
    0x08001bcc   0x08001bcc   0x00000028   Code   RO         3578    i.SYSTICK_ITConfig  systick.o
    0x08001bf4   0x08001bf4   0x00000008   Code   RO         4239    i.SetSysClock       system_stm32f10x.o
    0x08001bfc   0x08001bfc   0x000000e0   Code   RO         4240    i.SetSysClockTo72   system_stm32f10x.o
    0x08001cdc   0x08001cdc   0x00000028   Code   RO          295    i.SysTick_CLKSourceConfig  misc.o
    0x08001d04   0x08001d04   0x00000060   Code   RO         4242    i.SystemInit        system_stm32f10x.o
    0x08001d64   0x08001d64   0x00000020   Code   RO         3738    i.TIM2_IRQHandler   timer.o
    0x08001d84   0x08001d84   0x00000024   Code   RO         3739    i.TIM3_IRQHandler   timer.o
    0x08001da8   0x08001da8   0x00000024   Code   RO         3740    i.TIM4_IRQHandler   timer.o
    0x08001dcc   0x08001dcc   0x00000010   Code   RO         3741    i.TIMER_CallbackInstall  timer.o
    0x08001ddc   0x08001ddc   0x00000006   Code   RO         2727    i.TIM_ClearITPendingBit  stm32f10x_tim.o
    0x08001de2   0x08001de2   0x00000018   Code   RO         2732    i.TIM_Cmd           stm32f10x_tim.o
    0x08001dfa   0x08001dfa   0x00000022   Code   RO         2753    i.TIM_GetITStatus   stm32f10x_tim.o
    0x08001e1c   0x08001e1c   0x00000012   Code   RO         2757    i.TIM_ITConfig      stm32f10x_tim.o
    0x08001e2e   0x08001e2e   0x00000002   PAD
    0x08001e30   0x08001e30   0x00000098   Code   RO         2761    i.TIM_OC1Init       stm32f10x_tim.o
    0x08001ec8   0x08001ec8   0x00000012   Code   RO         2764    i.TIM_OC1PreloadConfig  stm32f10x_tim.o
    0x08001eda   0x08001eda   0x00000002   PAD
    0x08001edc   0x08001edc   0x000000a4   Code   RO         2766    i.TIM_OC2Init       stm32f10x_tim.o
    0x08001f80   0x08001f80   0x0000001a   Code   RO         2769    i.TIM_OC2PreloadConfig  stm32f10x_tim.o
    0x08001f9a   0x08001f9a   0x00000002   PAD
    0x08001f9c   0x08001f9c   0x000000a0   Code   RO         2771    i.TIM_OC3Init       stm32f10x_tim.o
    0x0800203c   0x0800203c   0x00000012   Code   RO         2774    i.TIM_OC3PreloadConfig  stm32f10x_tim.o
    0x0800204e   0x0800204e   0x00000002   PAD
    0x08002050   0x08002050   0x0000007c   Code   RO         2776    i.TIM_OC4Init       stm32f10x_tim.o
    0x080020cc   0x080020cc   0x0000001a   Code   RO         2778    i.TIM_OC4PreloadConfig  stm32f10x_tim.o
    0x080020e6   0x080020e6   0x00000078   Code   RO         3745    i.TIM_OCInit        timer.o
    0x0800215e   0x0800215e   0x00000002   PAD
    0x08002160   0x08002160   0x0000004c   Code   RO         3746    i.TIM_PWM_Init      timer.o
    0x080021ac   0x080021ac   0x00000068   Code   RO         3747    i.TIM_SetCompare    timer.o
    0x08002214   0x08002214   0x00000004   Code   RO         2793    i.TIM_SetCompare1   stm32f10x_tim.o
    0x08002218   0x08002218   0x00000004   Code   RO         2794    i.TIM_SetCompare2   stm32f10x_tim.o
    0x0800221c   0x0800221c   0x00000004   Code   RO         2795    i.TIM_SetCompare3   stm32f10x_tim.o
    0x08002220   0x08002220   0x00000006   Code   RO         2796    i.TIM_SetCompare4   stm32f10x_tim.o
    0x08002226   0x08002226   0x00000002   PAD
    0x08002228   0x08002228   0x000000a4   Code   RO         2803    i.TIM_TimeBaseInit  stm32f10x_tim.o
    0x080022cc   0x080022cc   0x00000108   Code   RO         3749    i.TIM_ms_Init       timer.o
    0x080023d4   0x080023d4   0x000000c4   Code   RO         3750    i.TIM_tim_Init      timer.o
    0x08002498   0x08002498   0x00000010   Code   RO         3636    i.UART_CallbackInstall  uart.o
    0x080024a8   0x080024a8   0x0000020c   Code   RO         3637    i.UART_QuickInit    uart.o
    0x080026b4   0x080026b4   0x0000004c   Code   RO         3638    i.UART_ReadByte     uart.o
    0x08002700   0x08002700   0x00000030   Code   RO         3640    i.USART1_IRQHandler  uart.o
    0x08002730   0x08002730   0x00000030   Code   RO         3641    i.USART2_IRQHandler  uart.o
    0x08002760   0x08002760   0x00000030   Code   RO         3642    i.USART3_IRQHandler  uart.o
    0x08002790   0x08002790   0x00000018   Code   RO         3280    i.USART_Cmd         stm32f10x_usart.o
    0x080027a8   0x080027a8   0x0000009c   Code   RO         3282    i.USART_DeInit      stm32f10x_usart.o
    0x08002844   0x08002844   0x0000001a   Code   RO         3283    i.USART_GetFlagStatus  stm32f10x_usart.o
    0x0800285e   0x0800285e   0x00000054   Code   RO         3284    i.USART_GetITStatus  stm32f10x_usart.o
    0x080028b2   0x080028b2   0x0000004a   Code   RO         3286    i.USART_ITConfig    stm32f10x_usart.o
    0x080028fc   0x080028fc   0x000000d8   Code   RO         3287    i.USART_Init        stm32f10x_usart.o
    0x080029d4   0x080029d4   0x00000008   Code   RO         3297    i.USART_SendData    stm32f10x_usart.o
    0x080029dc   0x080029dc   0x00000020   Code   RO         4518    i.__0printf         mc_w.l(printfa.o)
    0x080029fc   0x080029fc   0x0000000e   Code   RO         4614    i.__scatterload_copy  mc_w.l(handlers.o)
    0x08002a0a   0x08002a0a   0x00000002   Code   RO         4615    i.__scatterload_null  mc_w.l(handlers.o)
    0x08002a0c   0x08002a0c   0x0000000e   Code   RO         4616    i.__scatterload_zeroinit  mc_w.l(handlers.o)
    0x08002a1a   0x08002a1a   0x00000002   PAD
    0x08002a1c   0x08002a1c   0x00000184   Code   RO         4525    i._fp_digits        mc_w.l(printfa.o)
    0x08002ba0   0x08002ba0   0x000006b4   Code   RO         4526    i._printf_core      mc_w.l(printfa.o)
    0x08003254   0x08003254   0x00000024   Code   RO         4527    i._printf_post_padding  mc_w.l(printfa.o)
    0x08003278   0x08003278   0x0000002e   Code   RO         4528    i._printf_pre_padding  mc_w.l(printfa.o)
    0x080032a6   0x080032a6   0x00000002   PAD
    0x080032a8   0x080032a8   0x00000028   Code   RO            5    i.encoder_exti      main.o
    0x080032d0   0x080032d0   0x00000028   Code   RO            6    i.encoder_init      main.o
    0x080032f8   0x080032f8   0x00000024   Code   RO         3643    i.fputc             uart.o
    0x0800331c   0x0800331c   0x000000ac   Code   RO            7    i.getNum            main.o
    0x080033c8   0x080033c8   0x00000370   Code   RO            8    i.getPID            main.o
    0x08003738   0x08003738   0x00000030   Code   RO            9    i.getPraVue         main.o
    0x08003768   0x08003768   0x00000010   Code   RO           10    i.get_encoder_val   main.o
    0x08003778   0x08003778   0x000000e0   Code   RO           11    i.key_deal          main.o
    0x08003858   0x08003858   0x00000022   Code   RO           12    i.key_init          main.o
    0x0800387a   0x0800387a   0x00000002   PAD
    0x0800387c   0x0800387c   0x00000198   Code   RO           13    i.main              main.o
    0x08003a14   0x08003a14   0x00000044   Code   RO         4023    i.motor_init        motor.o
    0x08003a58   0x08003a58   0x0000000e   Code   RO         4024    i.myabs             motor.o
    0x08003a66   0x08003a66   0x00000002   PAD
    0x08003a68   0x08003a68   0x00000044   Code   RO         4025    i.set_motor_pwm     motor.o
    0x08003aac   0x08003aac   0x0000009c   Code   RO           14    i.timer3            main.o
    0x08003b48   0x08003b48   0x00000050   Code   RO           15    i.uart1             main.o
    0x08003b98   0x08003b98   0x00000826   Data   RO         4073    .constdata          iic_ssd1306.o
    0x080043be   0x080043be   0x00000002   PAD
    0x080043c0   0x080043c0   0x00000020   Data   RO         4612    Region$$Table       anon$$obj.o


    Execution Region RW_IRAM1 (Exec base: 0x20000000, Load base: 0x080043e0, Size: 0x00000500, Max: 0x00005000, ABSOLUTE)

    Exec Addr    Load Addr    Size         Type   Attr      Idx    E Section Name        Object

    0x20000000   0x080043e0   0x00000064   Data   RW           16    .data               main.o
    0x20000064   0x08004444   0x00000014   Data   RW         2080    .data               stm32f10x_rcc.o
    0x20000078   0x08004458   0x00000004   Data   RW         3580    .data               systick.o
    0x2000007c   0x0800445c   0x00000014   Data   RW         4243    .data               system_stm32f10x.o
    0x20000090   0x08004470   0x00000004   Data   RW         4586    .data               mc_w.l(stdout.o)
    0x20000094        -       0x00000010   Zero   RW         3644    .bss                uart.o
    0x200000a4        -       0x00000018   Zero   RW         3752    .bss                timer.o
    0x200000bc        -       0x00000040   Zero   RW         3953    .bss                exti.o
    0x200000fc   0x08004474   0x00000004   PAD
    0x20000100        -       0x00000400   Zero   RW         4229    STACK               startup_stm32f10x_md.o


==============================================================================

Image component sizes


      Code (inc. data)   RO Data    RW Data    ZI Data      Debug   Object Name

       772         52          0          0         64       6063   exti.o
       224         28          0          0          0        877   gpio.o
       424         58          0          0          0       2861   i2c.o
      1602         40       2086          0          0       6849   iic_ssd1306.o
      2234        288          0        100          0     268059   main.o
       172         22          0          0          0       2689   misc.o
       150         18          0          0          0       1669   motor.o
        12          0          0          0          0        492   nvic.o
        36          8        236          0       1024        864   startup_stm32f10x_md.o
       200         18          0          0          0       2740   stm32f10x_exti.o
       346          4          0          0          0       3741   stm32f10x_gpio.o
       340         44          0         20          0       6596   stm32f10x_rcc.o
       952         92          0          0          0      13550   stm32f10x_tim.o
       588         28          0          0          0       7440   stm32f10x_usart.o
       328         28          0         20          0       2525   system_stm32f10x.o
       308         28          0          4          0       3141   systick.o
      1128        104          0          0         24       7932   timer.o
       796         76          0          0         16       5276   uart.o

    ----------------------------------------------------------------------
     10632        936       2356        144       1132     343364   Object Totals
         0          0         32          0          0          0   (incl. Generated)
        20          0          2          0          4          0   (incl. Padding)

    ----------------------------------------------------------------------

      Code (inc. data)   RO Data    RW Data    ZI Data      Debug   Library Member Name

         0          0          0          0          0          0   entry.o
         0          0          0          0          0          0   entry10a.o
         0          0          0          0          0          0   entry11a.o
         4          0          0          0          0          0   entry12b.o
         8          4          0          0          0          0   entry2.o
         4          0          0          0          0          0   entry5.o
         0          0          0          0          0          0   entry7b.o
         0          0          0          0          0          0   entry8b.o
         8          4          0          0          0          0   entry9a.o
        30          0          0          0          0          0   handlers.o
        36          8          0          0          0         68   init.o
         0          0          0          0          0          0   iusefp.o
        30          0          0          0          0         68   llshl.o
        36          0          0          0          0         68   llsshr.o
        32          0          0          0          0         68   llushr.o
      2218         90          0          0          0        464   printfa.o
         0          0          0          4          0          0   stdout.o
        44          0          0          0          0         80   uidiv.o
        98          0          0          0          0         92   uldiv.o
        48          0          0          0          0         68   cdrcmple.o
        20          0          0          0          0         68   cfcmple.o
        20          0          0          0          0         68   cfrcmple.o
       334          0          0          0          0        148   dadd.o
       222          0          0          0          0        100   ddiv.o
       186          0          0          0          0        176   depilogue.o
        62          0          0          0          0         80   dfixi.o
        48          0          0          0          0         68   dfixul.o
       228          0          0          0          0         96   dmul.o
        38          0          0          0          0         68   f2d.o
       176          0          0          0          0        140   fadd.o
       124          0          0          0          0         88   fdiv.o
       110          0          0          0          0        168   fepilogue.o
        50          0          0          0          0         68   ffixi.o
        40          0          0          0          0         68   ffixui.o
        18          0          0          0          0         68   fflti.o
        10          0          0          0          0         68   ffltui.o
       100          0          0          0          0         76   fmul.o

    ----------------------------------------------------------------------
      4388        106          0          4          0       2592   Library Totals
         6          0          0          0          0          0   (incl. Padding)

    ----------------------------------------------------------------------

      Code (inc. data)   RO Data    RW Data    ZI Data      Debug   Library Name

      2548        106          0          4          0        908   mc_w.l
      1834          0          0          0          0       1684   mf_w.l

    ----------------------------------------------------------------------
      4388        106          0          4          0       2592   Library Totals

    ----------------------------------------------------------------------

==============================================================================


      Code (inc. data)   RO Data    RW Data    ZI Data      Debug   

     15020       1042       2356        148       1132     339556   Grand Totals
     15020       1042       2356        148       1132     339556   ELF Image Totals
     15020       1042       2356        148          0          0   ROM Totals

==============================================================================

    Total RO  Size (Code + RO Data)                17376 (  16.97kB)
    Total RW  Size (RW Data + ZI Data)              1280 (   1.25kB)
    Total ROM Size (Code + RO Data + RW Data)      17524 (  17.11kB)

==============================================================================

